#!Stats	378333	0.416580
#A+DQ083238
>A+DQ083238 9699 1=A1+AF004885.fa 2=A1+AF069670.fa 3=A1+AF484509.fa 4=A1+U51190.fa 5=A2+AF286237.fa 6=A2+AF286238.fa 7=B+AY173951.fa 8=B+AY331295.fa 9=B+AY423387.fa 10=B+K03455.fa 11=C+AF067155.fa 12=C+AY772699.fa 13=C+U46016.fa 14=C+U52953.fa 15=D+AY371157.fa 16=D+K03454.fa 17=D+U88824.fa 18=F1+AF005494.fa 19=F1+AF075703.fa 20=F1+AF077336.fa 21=F1+AJ249238.fa 22=F2+AF377956.fa 23=F2+AJ249236.fa 24=F2+AJ249237.fa 25=F2+AY371158.fa 26=G+AF061641.fa 27=G+AF061642.fa 28=G+AF084936.fa 29=H+AF005496.fa 30=H+AF190127.fa 31=H+AF190128.fa 32=J+AF082394.fa 33=J+AF082395.fa 34=K+AJ249235.fa 35=K+AJ249239.fa 36=N+AJ006022.fa 37=N+AJ271370.fa 38=N+AY532635.fa 39=O+AJ302647.fa 40=O+AY169812.fa 41=O+L20571.fa 42=O+L20587.fa
0	8	22	2
9	13	28	24
14	43	41	25
44	44	11	25,28
45	46	10	25,28,29,31
47	51	14	4,8,9,15,17,18,22,23
52	53	9	4,5,8,9,15,17,18,22,23,24
54	54	7	4,5,7,8,9,15,17,18,19,21,22,23,24,34,35
55	55	6	4,5,7,8,9,10,12,13,14,15,17,18,19,20,21,22,23,24,26,27,32,33,34,35,37
56	56	6	31
57	57	6	17
58	58	6	13
59	59	5	7,8,13,21,28,30,31,42
60	60	8	39,42
61	61	9	1
62	70	50	1
71	105	43	8
106	106	8	8,25
107	107	8	36,37,38
108	108	7	6,7,24,29,30,31,36,37,38
109	109	7	5,16,20,31,32,39,42
110	112	11	28
113	115	41	3
116	145	41	4
146	148	11	4,26
149	149	8	4,8,14,26
150	150	7	4,8,10,14,23,24,26
151	151	6	4,8,10,14,21,23,24,26
152	152	7	1,7,30
153	154	9	37,38
155	161	17	19,22
162	162	10	16,18,19,22,24
163	163	9	16,17,18,19,22,24,29
164	164	8	16,17,18,19,22,24,29,31
165	165	7	4,12,13,14,15,16,17,18,19,20,21,22,23,24,25,29,31
166	166	8	8
167	167	7	2,7,8
168	168	8	14,30
169	169	9	36,38
170	170	8	33,36,38
171	171	9	6,35
172	172	8	2,6,7,10,32,35
173	174	9	18,19,22
175	175	8	2,4,6,34,40
176	176	7	2,4,6,34,39,40,42
177	177	7	14,27,28
178	180	21	1,3
181	184	21	2
185	185	17	2,27
186	188	16	2,27,28
189	192	13	2,26,27,28
193	194	9	2,26,27,28,42
195	195	9	36
196	196	8	26,36
197	197	9	9
198	198	8	9,31
199	200	9	12,39
201	204	13	8
205	206	9	8,17
207	208	7	1,8,17,29
209	209	6	3,12,15
210	210	7	5
211	211	8	23,24,25,29
212	212	9	10
213	213	8	10,16,31
214	214	10	9,12,14,25
215	218	23	1
219	236	29	3
237	237	11	3,34
238	238	10	3,34,42
239	281	52	1
282	283	12	12
284	285	12	19
286	286	11	27
287	289	10	27,28
290	293	12	3
294	294	8	3,37,38
295	295	8	22
296	296	8	11
297	297	8	8,9,18,19,21,29,31
298	340	61	2
341	342	18	2,6
343	347	22	31
348	348	29	16
349	367	93	4
368	395	79	2
396	401	51	2,32
402	409	45	2,30,32,33
410	411	37	1,2,13,14,30,32,33
412	416	35	1,2,13,14,29,30,32,33
417	420	30	1,2,11,13,14,29,30,32,33
421	437	26	1,2,3,11,13,14,29,30,32,33
438	439	9	1,2,3,11,13,14,18,19,20,29,30,32,33
440	440	7	1,2,3,11,12,13,14,18,19,20,29,30,31,32,33
441	441	6	1,2,3,4,7,8,10,11,12,13,14,18,19,20,28,29,30,31,32,33,41
442	442	5	1,2,3,4,7,8,10,11,12,13,14,18,19,20,28,29,30,31,32,33,41,42
443	443	4	1,2,3,4,5,7,8,9,10,11,12,13,14,15,18,19,20,28,29,30,31,32,33,38,39,41,42
444	444	5	26
445	445	5	7,8,10,16,23,24,27
446	446	7	17
447	447	8	6
448	464	29	4
465	466	12	4,11,12,13,14,22
467	469	11	27,28,37
470	470	8	27,28,37,38
471	471	9	37
472	475	11	3
476	476	8	14,25,34,35,42
477	477	8	39
478	479	27	32,33
480	480	25	7,10,32,33
481	496	24	7,8,10,32,33
497	500	11	20
501	501	8	12,13,18,20,40,42
502	502	8	21
503	503	8	6,39
504	504	7	2,6,24,39
505	505	8	1,25
506	507	38	7,8,10,32,33
508	538	42	5
539	540	11	5,20
541	543	10	34
544	544	7	4,23,34
545	604	67	1,28
605	605	7	1,3,28
606	606	7	1,3,4,8,11,12,19,26,27
607	607	7	37,38
608	609	8	9
610	610	7	29
611	612	9	41
613	614	10	1
615	616	9	17
617	617	9	14
618	618	9	2,7,8,16,20,22,29
619	619	40	28
620	633	39	28,36,38
634	651	25	28,36,37,38
652	660	17	5
661	661	9	33
662	667	20	4
668	672	107	28
673	738	107	1
739	772	103	19
773	775	75	16
776	781	74	28
782	787	68	28,30
788	805	62	18,28,30
806	810	50	23,24,35
811	827	45	21,23,24,35
828	832	28	21,23,24,26,35
833	844	26	2,4
845	848	14	1,2,4
849	849	10	1,2,4,8
850	850	9	1,2,4,8,41
851	851	8	1,2,3,4,5,8,18,27,28,29,30,41
852	852	7	1,2,3,4,5,7,8,18,27,28,29,30,41
853	853	7	5
854	854	6	5,23,27,36
855	856	9	26
857	859	12	35
860	869	45	4
870	894	35	4,7
895	895	10	4,7,8,10
896	896	9	4,7,8,10,30
897	897	8	1,4,6,7,8,9,10,16,17,18,19,30
898	898	7	1,3,4,6,7,8,9,10,16,17,18,19,30
899	899	7	15,27,39,42
900	900	22	36,37,39,40
901	904	21	36,37,38,39,40,41
905	905	17	28,36,37,38,39,40,41
906	906	20	9
907	909	19	9,42
910	917	16	9,26,31,42
918	918	8	1,2,4,9,26,31,42
919	919	7	1,2,3,4,8,9,17,26,31,41,42
920	921	7	13
922	922	6	15,25,35
923	923	8	1,4
924	924	7	1,4,30
925	925	7	18,19,28
926	926	7	6,11,12,13,14,22,23,24,25,27,34,37
927	929	22	31
930	930	19	29,30,31
931	931	24	2
932	946	23	1,2,4
947	947	8	1,2,4,23
948	948	9	11
949	949	8	11,37
950	951	9	3
952	952	7	3,38
953	953	8	5,36,39,40,42
954	954	8	14,17
955	955	8	24
956	956	9	1,2,4,23
957	958	16	29
959	964	14	21,29
965	965	8	15,21,29
966	974	22	2,4
975	977	13	1,2,4,26,27
978	979	11	11
980	980	11	31
981	982	11	29,42
983	983	15	7,9,10,16
984	986	14	7,9,10,16,19
987	988	11	7,9,10,16,17,19
989	992	11	4
993	993	8	8,21
994	994	9	10
995	995	9	23
996	996	9	14
997	997	8	14,28
998	1000	11	2
1001	1005	12	13
1006	1007	21	30
1008	1009	19	29,30
1010	1010	17	2,29,30
1011	1012	16	1,2,29,30
1013	1014	14	1,2,15,29,30
1015	1016	12	1,2,3,15,29,30,31
1017	1017	10	1,2,3,15,29,30,31,38
1018	1018	9	1,2,3,4,6,10,15,16,29,30,31,38
1019	1019	8	1,2,3,4,6,8,10,15,16,18,22,24,25,29,30,31,32,33,34,35,38
1020	1031	19	23
1032	1032	9	13
1033	1033	8	13,14
1034	1034	8	34
1035	1036	9	16
1037	1037	7	4,6,7,12,15,16,17,27,28,30,32,36,37
1038	1039	11	26
1040	1041	9	26,42
1042	1043	23	18,35
1044	1057	33	30
1058	1066	19	3,30
1067	1067	11	7,24
1068	1069	10	7,13,24,28
1070	1070	8	5,6,7,8,13,24,28
1071	1071	8	18,42
1072	1073	9	33
1074	1074	9	15
1075	1077	12	29
1078	1078	9	29,30,35
1079	1082	10	13
1083	1084	9	30
1085	1085	7	14,24,27,30
1086	1087	20	19
1088	1090	18	19,21
1091	1091	15	10,19,21
1092	1092	31	4
1093	1094	33	1
1095	1115	31	1,2
1116	1117	10	1,2,30,31,33
1118	1119	9	29,36,40,42
1120	1121	8	26
1122	1122	6	22,26
1123	1123	8	30,38
1124	1124	8	14,21,22,23,25,27
1125	1125	9	7
1126	1126	9	33
1127	1127	8	2,3,5,13,18,20,30,31,33,34,36
1128	1128	10	9
1129	1131	9	9,26
1132	1132	9	39
1133	1133	9	11,13,14,25
1134	1141	19	2
1142	1142	11	2,39
1143	1143	10	2,3,39
1144	1147	12	7
1148	1148	8	4,7,9,15,23,25,30,32
1149	1149	8	1
1150	1150	10	4,6
1151	1151	10	41
1152	1158	15	11
1159	1161	11	13
1162	1162	8	13,21,26
1163	1163	7	10,13,14,21,26,39
1164	1165	9	28
1166	1167	9	19,22,24,33,35
1168	1168	7	11,12,19,22,24,33,35
1169	1169	9	13,14,29,31,32
1170	1170	8	2,6,13,14,29,30,31,32
1171	1171	7	2,6,13,14,26,29,30,31,32,39
1172	1172	7	36,37,38
1173	1173	6	5,6,36,37,38
1174	1174	6	27
1175	1175	5	9,20,21,27,31
1176	1176	5	22
1177	1177	7	4,15,17,40
1178	1178	23	18,25
1179	1179	22	18,22,25,35
1180	1188	28	23,28
1189	1192	21	9
1193	1201	17	9,11,32,33
1202	1204	11	18,19,20,22,25,34
1205	1205	8	7,16,18,19,20,22,25,34,39,42
1206	1210	22	12
1211	1211	21	14
1212	1212	20	2,14
1213	1213	22	6
1214	1215	21	6,34
1216	1218	21	27
1219	1220	18	27,28
1221	1228	16	26,27,28,29
1229	1229	8	1,3,7,8,9,10,13,16,18,19,24,26,27,28,29,39,42
1230	1230	8	5
1231	1231	8	7
1232	1232	7	7,11
1233	1234	9	8
1235	1235	10	5,23
1236	1236	9	5,23,34,35
1237	1237	8	5,12,13,19,23,32,33,34,35
1238	1238	8	19,26,27,28
1239	1239	8	39
1240	1243	18	14
1244	1245	20	3
1246	1246	25	13
1247	1253	32	11
1254	1255	30	12
1256	1271	32	17
1272	1276	25	31
1277	1279	20	8,31
1280	1288	71	11
1289	1337	89	14
1338	1351	58	18
1352	1358	44	11,18
1359	1360	37	11,13,18,19,20
1361	1365	35	11,13,18,19,20,30,31
1366	1366	30	7,10,11,13,16,18,19,20,22,24,30,31,34,35
1367	1367	29	7,8,10,11,13,16,18,19,20,22,24,30,31,34,35
1368	1368	28	7,8,9,10,11,13,15,16,18,19,20,22,24,30,31,34,35
1369	1372	27	7,8,9,10,11,13,15,16,17,18,19,20,22,23,24,30,31,34,35
1373	1373	23	7,8,9,10,11,13,15,16,17,18,19,20,21,22,23,24,30,31,34,35
1374	1378	22	7,8,9,10,11,13,15,16,17,18,19,20,21,22,23,24,25,30,31,34,35
1379	1387	17	7,8,9,10,11,13,14,15,16,17,18,19,20,21,22,23,24,25,30,31,34,35
1388	1388	9	4
1389	1389	8	1,4,32
1390	1390	9	2
1391	1391	9	3,42
1392	1393	11	42
1394	1396	11	37
1397	1397	9	2,5,6,11,14,22,23,24,25,30,31,33,34,35
1398	1398	9	4,32
1399	1401	9	36
1402	1402	6	3,12,36
1403	1403	7	1,10
1404	1404	9	23
1405	1405	8	4,5,6,7,13,21,22,23,27,29,32,33,34,35
1406	1406	11	37
1407	1407	10	37,38
1408	1408	9	3,4,37,38
1409	1414	20	12
1415	1419	14	11,12
1420	1420	9	11,12,13,18
1421	1421	9	24
1422	1423	8	22,24,25
1424	1424	8	7
1425	1425	8	1,2,3
1426	1429	13	40
1430	1440	33	12
1441	1450	36	32
1451	1452	26	7,10,16,32
1453	1463	25	11
1464	1466	22	13
1467	1470	19	13,29
1471	1472	15	12,13,14,29
1473	1477	13	12,13,14,29,35
1478	1478	8	2,3,4,5,6,7,9,10,12,13,14,15,16,27,29,30,31,35
1479	1479	7	2,3,4,5,6,7,9,10,11,12,13,14,15,16,17,18,20,27,29,30,31,35,42
1480	1480	6	1,2,3,4,5,6,7,9,10,11,12,13,14,15,16,17,18,20,21,22,25,27,29,30,31,35,42
1481	1481	8	26,37
1482	1482	7	4,26,37
1483	1483	8	23,24,34
1484	1484	7	10,23,24,34
1485	1485	7	32,33
1486	1486	9	39,42
1487	1501	52	5,7,9,10
1502	1513	48	16,25
1514	1515	38	13
1516	1525	36	13,31
1526	1532	26	13,29,31
1533	1535	19	4,13,29,31
1536	1538	16	4,13,29,30,31
1539	1539	13	4,13,23,29,30,31
1540	1543	12	3,4,13,23,29,30,31,32,33
1544	1546	10	12,22,24,25
1547	1548	9	31,34
1549	1549	7	15,30,31,34
1550	1551	9	37
1552	1552	7	1,37,38
1553	1553	9	32
1554	1555	9	6
1556	1556	9	36,37
1557	1558	19	11
1559	1564	17	11,13
1565	1570	32	6,34
1571	1576	27	16
1577	1579	59	11
1580	1635	110	14
1636	1690	96	12
1691	1705	62	11
1706	1729	47	11,13
1730	1731	44	33
1732	1753	60	14
1754	1789	46	7,10
1790	1792	22	31
1793	1811	53	11
1812	1820	34	11,35
1821	1846	64	3
1847	1862	44	5
1863	1865	31	2
1866	1879	37	1
1880	1885	23	1,4
1886	1888	17	1,3,4
1889	1894	14	1,3,4,20
1895	1896	8	1,2,3,4,20
1897	1897	7	37
1898	1899	7	20,23,24,32,34,36,37
1900	1900	6	29
1901	1903	8	7,8,9,10,12,13,14,15,17,18,21,22,23,24,25,26,28,30,34,35,38,41
1904	1904	7	2,3,4
1905	1905	6	2,3,4,6,27,33,37
1906	1906	8	24
1907	1907	8	5,6,19,29,31
1908	1908	9	39,40,42
1909	1909	10	11,32,33
1910	1910	10	38
1911	1911	45	1
1912	1944	44	1,4
1945	1945	11	1,3,4
1946	1946	10	1,3,4,22,25
1947	1947	9	1,3,4,14,22,25
1948	1948	11	9
1949	1950	10	6,9
1951	1951	10	13,26
1952	1952	9	12,13,26
1953	1953	8	7,12,13,26,33
1954	1954	8	5,6,10
1955	1956	9	13
1957	1957	23	4
1958	1959	22	4,17
1960	1960	20	4,6,15,17
1961	1961	19	4,5,6,15,17,23
1962	1963	18	2,4,5,6,15,17,23
1964	1964	16	2,4,5,6,15,17,23,28
1965	1966	15	1,2,3,4,5,6,15,17,22,23,25,28
1967	1967	13	1,2,3,4,5,6,15,17,22,23,25,28,35
1968	1968	12	1,2,3,4,5,6,11,15,17,22,23,25,28,29,35
1969	1969	11	1,2,3,4,5,6,11,13,15,17,22,23,25,28,29,35
1970	1972	10	1,2,3,4,5,6,11,13,15,17,22,23,24,25,28,29,35
1973	1976	11	26,30,31
1977	1978	9	12
1979	1980	9	41
1981	1982	18	1,2,3
1983	1988	16	1,2,3,34
1989	1990	10	1,2,3,5,34
1991	1991	9	17
1992	1992	8	9,17
1993	1993	10	7,8,9,10,14,15,20,26,30,32,33
1994	1995	9	7,8,9,10,12,14,15,20,26,30,32,33
1996	1998	10	40
1999	1999	7	12,40
2000	2044	62	2
2045	2047	20	1
2048	2049	20	3
2050	2065	27	11,12
2066	2068	29	7
2069	2071	26	7,19,20,21,25
2072	2073	23	2,7,15,19,20,21,25
2074	2074	21	1,2,7,15,17,19,20,21,25
2075	2075	20	1,2,7,10,15,17,19,20,21,25
2076	2076	19	1,2,7,10,15,17,19,20,21,22,25,30,36
2077	2077	18	1,2,6,7,10,15,17,19,20,21,22,24,25,27,30,32,33,34,36
2078	2079	17	1,2,3,6,7,10,11,12,15,17,19,20,21,22,23,24,25,27,28,30,31,32,33,34,36
2080	2080	17	38
2081	2088	16	37,38
2089	2089	8	23,24,29,30,37,38
2090	2091	8	9
2092	2094	9	26
2095	2095	6	26,27,31
2096	2098	15	16
2099	2101	12	9,16
2102	2102	10	26
2103	2109	39	2
2110	2128	42	3
2129	2153	44	1
2154	2161	19	1,11
2162	2164	11	1,11,32,35
2165	2165	9	9,14,16,17,23,28,29,30,33,34
2166	2166	9	6,8,19,20,21,24,25,26,27,31
2167	2168	9	39
2169	2170	9	5,31
2171	2171	8	40
2172	2172	7	40,41
2173	2173	9	4,37
2174	2174	9	19,20,21
2175	2175	9	36
2176	2176	8	31,36
2177	2177	8	39,40
2178	2179	10	22
2180	2180	8	18,22,41
2181	2181	8	1
2182	2182	7	1,30
2183	2183	8	4,13,19,24,25,26,28,29,35,42
2184	2184	9	27
2185	2185	9	39
2186	2186	9	38
2187	2187	8	11,38
2188	2188	9	5,15,32,40
2189	2189	8	5,15,18,32,40
2190	2190	8	10,14,17
2191	2191	8	37
2192	2199	31	2
2200	2200	23	2,4
2201	2205	22	2,3,4
2206	2206	17	2,3,4,18,20,21
2207	2209	16	2,3,4,18,20,21,22,23,24,25
2210	2211	13	1,2,3,4,18,20,21,22,23,24,25,28
2212	2212	11	1,2,3,4,18,19,20,21,22,23,24,25,28
2213	2213	10	1,2,3,4,16,18,19,20,21,22,23,24,25,28
2214	2214	9	1,2,3,4,8,14,16,18,19,20,21,22,23,24,25,28,33,34,35,40,42
2215	2217	9	6
2218	2218	8	2,39
2219	2219	8	8,32
2220	2220	10	7
2221	2222	10	10,13,31
2223	2223	8	10,13,29,31,36
2224	2226	11	1,2
2227	2228	14	12
2229	2232	12	11,12
2233	2233	8	11,12,18,21,23,24,25,28,34,40,42
2234	2234	8	38
2235	2235	9	9,10,16
2236	2237	10	14
2238	2238	8	14,41
2239	2239	9	25,27
2240	2240	8	6,20,25,27,39
2241	2241	9	32,33
2242	2243	36	16
2244	2244	37	15
2245	2271	46	31
2272	2274	23	2
2275	2281	28	26,27
2282	2285	31	15
2286	2304	67	1
2305	2305	48	1,19
2306	2308	47	1,4,19
2309	2311	46	32
2312	2349	47	21
2350	2352	9	21,33
2353	2353	7	1,2,3,4,7,9,10,11,12,15,16,18,19,20,21,24,25,29,31,35,36,37,38
2354	2354	9	5,13,14,30,32,33,34
2355	2355	8	5,13,14,30,32,33,34,41,42
2356	2356	7	5,6,13,14,30,32,33,34,41,42
2357	2359	21	22,25
2360	2360	43	33
2361	2362	54	4
2363	2400	55	1
2401	2413	27	2
2414	2415	14	2,3
2416	2418	12	2,3,4
2419	2419	9	1,2,3,4,6,9,12
2420	2420	8	1,2,3,4,6,7,8,9,10,12,15
2421	2421	7	1,2,3,4,5,6,7,8,9,10,12,15
2422	2422	6	1,2,3,4,5,6,7,8,9,10,12,15,20,24,27,28
2423	2423	6	12,13,14,16,17,18,19,21,22,30,31,32,34,40,42
2424	2424	7	8,39
2425	2425	8	6,11
2426	2426	7	6,11,41,42
2427	2427	6	6,11,15,36,41,42
2428	2428	21	35
2429	2433	24	2,4,12
2434	2434	19	2,4,11,12,13,14
2435	2439	22	5
2440	2443	20	6
2444	2453	19	28
2454	2458	54	2
2459	2469	58	1
2470	2470	47	1,34
2471	2473	46	1,14,34
2474	2480	43	1,14,33,34
2481	2502	36	1,12,14,33,34
2503	2505	14	1,12,13,14,33,34
2506	2508	11	1,12,13,14,32,33,34
2509	2517	27	18
2518	2533	101	1
2534	2541	85	1,2
2542	2559	77	1,2,25
2560	2604	68	35
2605	2608	23	8,35
2609	2616	19	8,15,35
2617	2617	11	8,15,35,39,40,41,42
2618	2618	10	8,15,35,38,39,40,41,42
2619	2619	9	8,15,26,35,38,39,40,41,42
2620	2624	26	1,28,31
2625	2627	21	1,14,28,31
2628	2628	18	1,12,14,28,31
2629	2629	17	1,5,6,11,12,14,15,16,18,19,22,23,27,28,29,31,32,33,35
2630	2635	16	1,2,3,4,5,6,11,12,14,15,16,18,19,22,23,27,28,29,31,32,33,35
2636	2636	10	1,2,3,4,5,6,11,12,14,15,16,18,19,22,23,27,28,29,30,31,32,33,35
2637	2637	9	1,2,3,4,5,6,11,12,13,14,15,16,18,19,22,23,27,28,29,30,31,32,33,35
2638	2639	8	1,2,3,4,5,6,11,12,13,14,15,16,18,19,20,22,23,27,28,29,30,31,32,33,35
2640	2640	8	16
2641	2641	7	16,20,27,28
2642	2642	8	17
2643	2643	8	1,3,7,9,10,15,18,19,21,24,25,26
2644	2644	7	1,3,7,9,10,14,15,17,18,19,21,24,25,26,42
2645	2645	8	34,41
2646	2646	10	30,31
2647	2649	10	1,2,3,4,5,6,11,12,13,14,15,18,19,20,23,35
2650	2650	7	1,2,3,4,5,6,11,12,13,14,15,18,19,20,23,24,25,34,35
2651	2651	7	17
2652	2652	7	1,7,10,36
2653	2653	6	1,7,10,36,37,38,39,40
2654	2654	6	41
2655	2655	7	2,4,33
2656	2656	9	22
2657	2657	8	16,22,26,27,28,29,30
2658	2658	25	18
2659	2659	24	7,18
2660	2664	23	7,18,36
2665	2665	18	7,18,31,36
2666	2666	17	1,2,3,5,7,9,16,18,28,31,36
2667	2668	16	1,2,3,5,7,9,15,16,17,18,28,31,36
2669	2669	14	1,2,3,5,7,9,15,16,17,18,28,31,36,38
2670	2670	13	1,2,3,5,7,9,15,16,17,18,28,31,32,36,38
2671	2673	13	34
2674	2674	45	14
2675	2719	82	11
2720	2721	37	11,14
2722	2724	35	11,13,14
2725	2741	32	11,12,13,14
2742	2746	15	11,12,13,14,17
2747	2748	10	11,12,13,14,15,17
2749	2749	8	11,12,13,14,15,17,39,40,41
2750	2750	7	7,11,12,13,14,15,17,38,39,40,41
2751	2751	8	30
2752	2757	23	2,18
2758	2789	53	11
2790	2795	21	11,21
2796	2796	15	11,21,38
2797	2799	14	11,21,36,38
2800	2802	11	2,4,11,12,13,21,36,38
2803	2803	8	1,2,4,10,11,12,13,14,16,17,21,28,36,38
2804	2804	7	1,2,3,4,8,10,11,12,13,14,16,17,21,28,34,36,37,38,39
2805	2805	7	36
2806	2806	6	11,35,36,37,38
2807	2811	19	26
2812	2820	26	11
2821	2825	17	11,13,14
2826	2829	12	11,13,14,29
2830	2835	29	35
2836	2838	23	6,35
2839	2868	63	11
2869	2886	36	28
2887	2889	18	3,28
2890	2895	15	3,13,28
2896	2898	23	31,35
2899	2906	23	7
2907	2910	15	6,7
2911	2912	11	6,7,11,32
2913	2913	9	6,7,11,30,32
2914	2915	10	2
2916	2919	12	23
2920	2924	26	19
2925	2931	21	19,20
2932	2943	20	8
2944	2944	8	8,16
2945	2953	40	12,14
2954	2970	31	12,13,14
2971	2976	14	11,12,13,14
2977	2977	8	8,9,11,12,13,14,29,30,31,37,38
2978	2978	8	12,15,19,26,27,32
2979	2979	8	23
2980	2980	9	41
2981	2981	45	5
2982	2985	44	5,6
2986	2986	40	5,6,29
2987	2989	39	1,5,6,29
2990	2994	36	1,3,5,6,29
2995	3026	43	11
3027	3047	30	3
3048	3048	9	3,29
3049	3054	14	11,14
3055	3056	8	4,11,14
3057	3057	7	9,14,19,42
3058	3059	9	20,35,42
3060	3060	8	40
3061	3061	7	29,34,40
3062	3063	14	2
3064	3077	47	11
3078	3078	47	12
3079	3083	46	12,13
3084	3099	41	12,13,14
3100	3100	25	12,13,14,31
3101	3103	24	7,8,9,10,12,13,14,16,17,29,30,31
3104	3108	21	7,8,9,10,12,13,14,16,17,27,29,30,31
3109	3110	16	7,8,9,10,12,13,14,16,17,26,27,29,30,31
3111	3111	14	7,8,9,10,12,13,14,16,17,26,27,29,30,31,37
3112	3112	13	7,8,9,10,11,12,13,14,16,17,18,20,22,23,25,26,27,29,30,31,35,37
3113	3113	12	7,8,9,10,11,12,13,14,16,17,18,19,20,22,23,25,26,27,29,30,31,35,37
3114	3114	11	7,8,9,10,11,12,13,14,16,17,18,19,20,22,23,25,26,27,29,30,31,34,35,37
3115	3115	10	7,8,9,10,11,12,13,14,16,17,18,19,20,22,23,24,25,26,27,29,30,31,34,35,37
3116	3117	9	7,8,9,10,11,12,13,14,16,17,18,19,20,22,23,24,25,26,27,28,29,30,31,34,35,37
3118	3118	10	1,3,6
3119	3119	9	1,3,6,13
3120	3120	10	38
3121	3121	10	33
3122	3123	11	41
3124	3124	9	2,41
3125	3125	8	2,21,36,41
3126	3127	9	20,26,30,31,34
3128	3128	8	4
3129	3129	8	3,6
3130	3130	7	3,6,11,14,20,25,41
3131	3131	9	38
3132	3132	8	37,38
3133	3133	7	26,37,38,40,42
3134	3135	19	14,27,29
3136	3140	18	34
3141	3141	13	8,34
3142	3142	12	2,8,34
3143	3143	16	17
3144	3148	15	5,17
3149	3150	13	26
3151	3160	17	12
3161	3161	10	24
3162	3162	9	7,10,21,24
3163	3163	9	16,23
3164	3164	8	16,23,35,39,40
3165	3165	9	26
3166	3166	9	22,23
3167	3174	45	11
3175	3191	37	11,13
3192	3192	20	11,13,21
3193	3195	19	11,13,14,21
3196	3198	16	11,13,14,21,28
3199	3200	13	8,10,11,13,14,19,20,21,26,28,29
3201	3201	11	5,8,9,10,11,13,14,19,20,21,26,28,29,33
3202	3202	10	5,8,9,10,11,12,13,14,19,20,21,26,28,29,33
3203	3205	10	1,18
3206	3206	8	39,40,42
3207	3207	9	31,34,35
3208	3210	9	2,37,38
3211	3211	7	16
3212	3212	7	2
3213	3213	12	9,21
3214	3216	11	9,18,21
3217	3218	10	17
3219	3219	8	17,27
3220	3220	8	2,3,4,26
3221	3222	10	31
3223	3225	11	6
3226	3226	26	18,21
3227	3227	25	8,18,21
3228	3229	24	8,18,19,21
3230	3243	79	11
3244	3285	65	11,12,13
3286	3291	23	11,12,13,34,35
3292	3309	39	20
3310	3320	26	21
3321	3323	15	21,41
3324	3324	12	21,39,41
3325	3328	26	11,12,14
3329	3332	22	11,12,13,14
3333	3336	18	11,12,13,14,31
3337	3337	17	37
3338	3344	16	36,37,38
3345	3346	9	7,22,36,37,38
3347	3347	7	7,16,20,22,36,37,38,40,42
3348	3348	7	3
3349	3349	7	19,35
3350	3350	8	38
3351	3351	7	29,38
3352	3358	26	13
3359	3360	19	6,13,26,31
3361	3374	22	11
3375	3376	8	11,41
3377	3420	114	12
3421	3462	70	12,14
3463	3465	28	11,12,14
3466	3467	25	8,9,10,11,12,14
3468	3489	33	30
3490	3491	14	18
3492	3492	18	12
3493	3493	20	15,17
3494	3496	19	3,4,6,15,17
3497	3497	16	3,4,5,6,15,17
3498	3498	15	1,3,4,5,6,15,17,19,20,21,22,24,25,34
3499	3501	17	27
3502	3508	14	27,30
3509	3509	7	2,16,27,30,40
3510	3510	7	14,15,20
3511	3511	7	23
3512	3512	9	32
3513	3513	8	12,13,32
3514	3517	26	11
3518	3520	22	11,12
3521	3528	19	11,12,13
3529	3529	11	9,10,11,12,13
3530	3530	10	9,10,11,12,13,17
3531	3533	9	9,10,11,12,13,15,17
3534	3534	8	36
3535	3535	8	30,38,42
3536	3536	9	37
3537	3538	8	34,37
3539	3539	7	35
3540	3540	8	4,5,6,19,20,21,26,32,33,39,41
3541	3542	7	4,5,6,9,11,13,15,17,19,20,21,26,32,33,39,41
3543	3543	6	31
3544	3544	8	30
3545	3545	22	3,22
3546	3547	21	3,8,22
3548	3548	34	12
3549	3564	33	11,12
3565	3574	17	11,12,13,14
3575	3575	8	5,7,15,17,22,24,27,29,31,34,35
3576	3576	7	5,7,8,9,10,15,17,18,22,24,27,29,31,34,35,38
3577	3577	7	17
3578	3578	10	13
3579	3579	9	13,21
3580	3582	17	3
3583	3583	17	14
3584	3585	27	27
3586	3588	25	25,27
3589	3601	27	36
3602	3615	32	29
3616	3618	30	11
3619	3621	27	11,27
3622	3634	24	11,18,27
3635	3639	12	36,38
3640	3640	8	24
3641	3641	8	41
3642	3642	7	15,41
3643	3643	10	3,4
3644	3645	10	37
3646	3646	10	1
3647	3650	23	12,14
3651	3651	20	7,15
3652	3653	19	7,8,15
3654	3654	17	7,8,15,35
3655	3656	16	7,8,15,28,35
3657	3657	14	7,8,15,27,28,35
3658	3658	13	7,8,15,22,23,27,28,35
3659	3661	12	6,7,8,15,22,23,26,27,28,35
3662	3662	9	6,7,8,11,15,22,23,26,27,28,35
3663	3663	8	6,7,8,11,15,22,23,25,26,27,28,35
3664	3664	8	35
3665	3665	7	1,10,11,13,15,16,18,21,22,24,25,30,33,34,35
3666	3666	9	23
3667	3668	9	40
3669	3670	27	34
3671	3680	52	13
3681	3720	57	11
3721	3722	32	25
3723	3726	30	7,25
3727	3728	26	7,10,22,25
3729	3733	24	7,10,17,22,25
3734	3738	19	7,10,17,22,25,40
3739	3739	14	7,10,11,12,17,18,22,25,30,31,35,40
3740	3753	46	8
3754	3786	56	10
3787	3798	39	11
3799	3835	68	14
3836	3845	31	5,6,11,14,23
3846	3848	21	5,6,9,11,14,23,24,34
3849	3850	18	5,6,9,11,12,14,23,24,34
3851	3851	16	5,6,9,11,12,14,15,17,22,23,24,25,33,34
3852	3854	15	5,6,9,11,12,13,14,15,17,22,23,24,25,33,34
3855	3855	12	5,6,9,11,12,13,14,15,17,22,23,24,25,33,34,36
3856	3856	11	1,5,6,9,11,12,13,14,15,17,22,23,24,25,32,33,34,36
3857	3857	10	1,4,5,6,9,11,12,13,14,15,17,22,23,24,25,32,33,34,36
3858	3858	9	1,4,5,6,9,11,12,13,14,15,16,17,22,23,24,25,32,33,34,36
3859	3864	14	19
3865	3865	9	2
3866	3867	9	20,40
3868	3875	27	11,13
3876	3877	19	11,13,29
3878	3882	17	11,13,29,30
3883	3888	13	34
3889	3889	9	13
3890	3890	8	13,32
3891	3891	18	8
3892	3893	17	8,39
3894	3894	15	8,23,24,39
3895	3895	20	2
3896	3897	27	11
3898	3909	30	14
3910	3910	18	14,16,18,21,23,25
3911	3911	17	14,16,17,18,21,22,23,25,35
3912	3915	16	12,14,16,17,18,21,22,23,25,35
3916	3916	12	2,4,5,12,14,16,17,18,21,22,23,25,35
3917	3918	11	2,3,4,5,7,12,14,16,17,18,21,22,23,24,25,35
3919	3919	9	2,3,4,5,7,8,12,14,16,17,18,21,22,23,24,25,35
3920	3920	8	2,3,4,5,7,8,10,12,14,16,17,18,21,22,23,24,25,30,35
3921	3921	7	2,3,4,5,7,8,10,12,14,16,17,18,21,22,23,24,25,29,30,35,38
3922	3923	8	1,19
3924	3924	7	29
3925	3925	7	6
3926	3926	7	40
3927	3927	6	40,42
3928	3928	6	41
3929	3935	16	13,14
3936	3936	9	13,14,17
3937	3937	8	13,14,17,36
3938	3938	9	26
3939	3942	12	30
3943	3943	11	4
3944	3945	14	26
3946	3949	12	13,26,27
3950	3950	8	13,26,27,28,34,39,40,41,42
3951	3951	9	8,38
3952	3952	9	35
3953	3953	8	8,35,37
3954	3954	7	8,15,29,35,37
3955	3955	9	1,7,10,17,18,22,24,25,32,33
3956	3956	8	1,7,10,12,17,18,22,24,25,32,33
3957	3957	7	1,2,7,9,10,12,17,18,22,24,25,32,33,36
3958	3958	7	9,15,23
3959	3961	19	13,23,31
3962	3964	16	13,15,23,29,31
3965	3966	13	13,15,17,22,23,24,25,29,31
3967	3967	11	5,13,15,17,22,23,24,25,26,29,31
3968	3969	10	5,6,13,15,17,22,23,24,25,26,29,31
3970	3970	8	5,6,13,15,17,22,23,24,25,26,29,30,31,34
3971	3972	10	28
3973	3973	8	17,20,28,42
3974	3974	9	40
3975	3975	8	11,14,28,32,40
3976	3976	7	1,9,11,14,16,28,32,40,41,42
3977	3977	9	33
3978	3978	8	33,37,38
3979	3990	32	29,31
3991	4002	39	11
4003	4003	27	11,34
4004	4007	26	1,11,13,14,18,24,34
4008	4008	22	1,4,11,13,14,18,24,34
4009	4010	21	1,4,11,13,14,18,22,24,25,34,35
4011	4011	19	1,4,11,13,14,18,22,24,25,26,34,35
4012	4012	18	1,2,4,11,13,14,18,22,23,24,25,26,34,35
4013	4013	17	1,2,4,11,13,14,18,22,23,24,25,26,27,28,34,35
4014	4015	16	1,2,4,8,11,13,14,18,22,23,24,25,26,27,28,34,35
4016	4017	14	1,2,4,6,8,11,13,14,16,18,22,23,24,25,26,27,28,34,35
4018	4019	12	1,2,4,6,8,11,13,14,16,18,22,23,24,25,26,27,28,32,33,34,35
4020	4020	10	1,2,4,6,8,10,11,13,14,16,18,22,23,24,25,26,27,28,32,33,34,35
4021	4021	9	1,2,4,6,8,10,11,13,14,16,18,19,20,22,23,24,25,26,27,28,32,33,34,35
4022	4022	8	1,2,4,6,8,10,11,13,14,16,18,19,20,22,23,24,25,26,27,28,32,33,34,35,37
4023	4024	10	12
4025	4025	8	9,12
4026	4026	7	9,12,15
4027	4027	7	39
4028	4028	7	5,22,25,35
4029	4029	7	21
4030	4030	7	14,19,21,36
4031	4033	58	34
4034	4095	87	12
4096	4110	34	11
4111	4120	47	18
4121	4130	43	23,25
4131	4131	33	23,24,25
4132	4170	80	14
4171	4174	41	11,13,14
4175	4197	37	11,12,13,14
4198	4198	14	11,12,13,14,23,28
4199	4204	13	11,12,13,14,15,23,27,28
4205	4205	9	36
4206	4209	12	31
4210	4210	8	31,34,35
4211	4212	8	6
4213	4215	29	11
4216	4221	38	35
4222	4237	41	13
4238	4239	25	13,14
4240	4257	29	12
4258	4263	27	39
4264	4269	32	32,33
4270	4270	26	4,22,32,33
4271	4271	25	4,14,22,32,33
4272	4274	24	3,4,14,15,22,32,33
4275	4275	21	3,4,14,15,19,22,32,33
4276	4276	20	3,4,14,15,19,22,32,33,34
4277	4277	19	3,4,9,10,14,15,16,19,22,24,26,32,33,34
4278	4278	18	3,4,7,9,10,14,15,16,18,19,22,23,24,25,26,31,32,33,34
4279	4280	17	2,3,4,7,9,10,12,14,15,16,18,19,22,23,24,25,26,31,32,33,34
4281	4282	15	2,3,4,7,9,10,12,14,15,16,18,19,22,23,24,25,26,28,31,32,33,34
4283	4284	13	1,2,3,4,7,9,10,12,14,15,16,18,19,21,22,23,24,25,26,28,31,32,33,34,35
4285	4296	27	11
4297	4311	57	14
4312	4335	44	30
4336	4345	20	25,30
4346	4348	10	11,25,30
4349	4349	7	8,11,25,30,34
4350	4350	7	38
4351	4352	9	3,5,11,13,15,17,25,28,42
4353	4353	7	3,5,9,11,12,13,15,17,24,25,28,32,42
4354	4354	8	39,42
4355	4356	9	23
4357	4371	41	25
4372	4396	51	1
4397	4398	26	1,29
4399	4401	24	1,11,20,29
4402	4405	21	1,11,18,20,29
4406	4408	17	1,3,11,18,20,29
4409	4416	32	2
4417	4432	24	2,4
4433	4433	8	1,2,3,4,12,20
4434	4434	7	1,2,3,4,12,19,20,42
4435	4435	6	1,2,3,4,12,19,20,22,24,26,27,32,33,42
4436	4436	9	27
4437	4437	10	17,28,38,41
4438	4438	9	7,10,15,16,17,28,31,33,38,41
4439	4439	8	7,10,15,16,17,28,31,33,38,39,41,42
4440	4440	7	7,8,10,13,15,16,17,18,28,31,33,35,38,39,41,42
4441	4441	8	40
4442	4445	34	1
4446	4447	30	1,27,32
4448	4452	28	1,15,16,27,32,33
4453	4453	23	1,3,6,15,16,27,30,32,33
4454	4454	22	1,3,6,15,16,27,29,30,32,33
4455	4459	21	1,3,6,15,16,27,28,29,30,32,33
4460	4460	16	1,2,3,6,15,16,27,28,29,30,32,33
4461	4461	15	1,2,3,5,6,15,16,27,28,29,30,32,33
4462	4467	14	1,2,3,5,6,15,16,23,24,25,27,28,29,30,32,33,34
4468	4468	8	1,2,3,5,6,7,8,9,10,14,15,16,17,23,24,25,26,27,28,29,30,32,33,34
4469	4469	7	1,2,3,5,6,7,8,9,10,14,15,16,17,22,23,24,25,26,27,28,29,30,32,33,34,35
4470	4470	7	11,12,16,38
4471	4472	11	12,13
4473	4474	9	4,12,13
4475	4475	8	31
4476	4476	8	39
4477	4483	13	1,3,18,19,22,23,26,28,30,32,33,34,35
4484	4484	7	9,13,14,31
4485	4485	7	4,15,28
4486	4486	8	29
4487	4487	7	10,29,31
4488	4488	10	40
4489	4489	9	9,36,37,38,40,42
4490	4490	8	4,9,13,36,37,38,40,42
4491	4506	31	1
4507	4507	15	1,2
4508	4509	14	1,2,4
4510	4510	41	11
4511	4518	40	11,14
4519	4525	38	35
4526	4528	31	16,35
4529	4529	28	6,16,35
4530	4534	27	6,15,16,35
4535	4537	22	5,6,15,16,17,35
4538	4538	19	5,6,15,16,17,35,37
4539	4540	18	4,5,6,15,16,17,35,37
4541	4541	16	3,4,5,6,15,16,17,35,37
4542	4543	15	3,4,5,6,15,16,17,32,35,37
4544	4544	13	3,4,5,6,15,16,17,32,35,36,37,38
4545	4549	12	3,4,5,6,15,16,17,29,32,35,36,37,38
4550	4550	7	3,4,5,6,15,16,17,19,29,32,35,36,37,38
4551	4551	8	7,16
4552	4552	8	11,12,13,14
4553	4553	7	11,12,13,14,23
4554	4554	9	17,34
4555	4555	8	8,17,34
4556	4556	7	1,2,7,8,9,10,17,20,21,24,34
4557	4557	8	41
4558	4560	10	4,29,36,37,38
4561	4561	8	14
4562	4563	9	25
4564	4568	32	1
4569	4596	52	4
4597	4598	24	1,4
4599	4603	42	14
4604	4606	37	14,25
4607	4613	34	11,14,25
4614	4621	27	11,14,20,25
4622	4622	19	2,11,14,20,25
4623	4628	42	29
4629	4641	69	1
4642	4662	56	1,2
4663	4674	35	1,2,28
4675	4692	35	31
4693	4704	29	20
4705	4713	20	9
4714	4716	20	2
4717	4717	113	1
4718	4740	112	1,3
4741	4741	89	1,3,11,12,29
4742	4742	88	1,3,11,12,22,29
4743	4745	87	1,2,3,11,12,22,29
4746	4747	84	1,2,3,11,12,15,22,29
4748	4749	82	1,2,3,11,12,15,22,29,31
4750	4750	80	1,2,3,11,12,15,22,24,29,31
4751	4752	79	1,2,3,11,12,15,22,23,24,25,29,31
4753	4758	77	1,2,3,11,12,15,22,23,24,25,28,29,31
4759	4761	71	1,2,3,11,12,15,21,22,23,24,25,28,29,31
4762	4767	68	1,2,3,4,11,12,15,21,22,23,24,25,28,29,31
4768	4800	62	1,2,3,4,11,12,15,19,20,21,22,23,24,25,28,29,31
4801	4801	29	1,2,3,4,5,6,11,12,15,19,20,21,22,23,24,25,28,29,31,32,33
4802	4805	28	1,2,3,4,5,6,11,12,15,16,19,20,21,22,23,24,25,28,29,31,32,33
4806	4807	24	1,2,3,4,5,6,11,12,15,16,19,20,21,22,23,24,25,28,29,31,32,33,36
4808	4808	22	1,2,3,4,5,6,9,11,12,15,16,19,20,21,22,23,24,25,28,29,31,32,33,36
4809	4810	21	1,2,3,4,5,6,9,11,12,15,16,19,20,21,22,23,24,25,28,29,31,32,33,36,38
4811	4812	19	1,2,3,4,5,6,9,11,12,15,16,19,20,21,22,23,24,25,28,29,30,31,32,33,36,38
4813	4813	17	1,2,3,4,5,6,9,11,12,15,16,19,20,21,22,23,24,25,27,28,29,30,31,32,33,36,38
4814	4816	16	1,2,3,4,5,6,9,11,12,15,16,19,20,21,22,23,24,25,27,28,29,30,31,32,33,36,37,38
4817	4820	13	1,2,3,4,5,6,8,9,11,12,15,16,19,20,21,22,23,24,25,27,28,29,30,31,32,33,36,37,38
4821	4821	9	1,2,3,4,5,6,8,9,11,12,15,16,18,19,20,21,22,23,24,25,27,28,29,30,31,32,33,36,37,38,40
4822	4822	8	1,2,3,4,5,6,8,9,11,12,15,16,18,19,20,21,22,23,24,25,27,28,29,30,31,32,33,34,36,37,38,39,40,42
4823	4824	8	35
4825	4825	7	37
4826	4826	6	7,8,37,39
4827	4827	7	35
4828	4830	12	15,34
4831	4842	46	2,3,10,11,22,34
4843	4846	34	2,3,10,11,22,23,34
4847	4848	30	2,3,4,10,11,22,23,34
4849	4851	28	2,3,4,7,10,11,22,23,34
4852	4853	25	2,3,4,7,8,10,11,22,23,34
4854	4858	23	2,3,4,7,8,10,11,22,23,32,34
4859	4866	18	2,3,4,7,8,10,11,22,23,27,28,32,34
4867	4867	10	2,3,4,7,8,9,10,11,22,23,27,28,32,34
4868	4868	9	2,3,4,5,7,8,9,10,11,22,23,27,28,32,34
4869	4869	8	2,3,4,5,7,8,9,10,11,22,23,27,28,32,34,39
4870	4870	8	25
4871	4872	9	36,38
4873	4873	7	6,17,21,33,36,38
4874	4874	8	15,24,35,40,41,42
4875	4876	8	14,21
4877	4877	6	14,21,27,29
4878	4921	66	1
4922	4923	22	1,3,4,5,6,15,28
4924	4925	23	26
4926	4938	21	26,33
4939	4940	9	11,14
4941	4944	10	42
4945	4947	32	5,6
4948	4948	29	5,6,26,27,33,34
4949	4949	28	5,6,11,26,27,33,34,35
4950	4952	27	5,6,7,8,9,10,11,16,17,26,27,33,34,35
4953	4953	24	5,6,7,8,9,10,11,15,16,17,26,27,28,29,30,33,34,35
4954	4956	35	32
4957	4966	32	1,32
4967	4989	34	3
4990	4993	35	1,5,32,33
4994	4995	31	1,5,27,32,33
4996	4997	29	1,5,6,23,27,32,33
4998	5000	27	1,5,6,21,23,27,32,33
5001	5001	24	1,5,6,21,23,27,28,32,33
5002	5002	23	1,5,6,18,21,23,27,28,32,33
5003	5003	22	1,5,6,7,18,21,23,27,28,32,33
5004	5006	21	1,5,6,7,18,21,23,24,27,28,32,33
5007	5009	18	1,5,6,7,10,18,19,21,23,24,27,28,32,33
5010	5015	15	1,3,5,6,7,10,18,19,21,23,24,27,28,32,33
5016	5017	9	1,3,4,5,6,7,8,10,18,19,20,21,23,24,27,28,32,33
5018	5018	9	9
5019	5019	8	9,13
5020	5021	9	11,22
5022	5022	10	39
5023	5023	9	39,41
5024	5024	10	2
5025	5025	9	2,12
5026	5096	78	27
5097	5103	28	22
5104	5104	33	3
5105	5117	32	3,27
5118	5125	19	3,26,27
5126	5127	11	3,6,7,16,20,21,26,27,30,32
5128	5128	9	3,6,7,16,19,20,21,26,27,30,32,33,35
5129	5130	13	1
5131	5132	11	1,12
5133	5134	10	11
5135	5135	11	15
5136	5136	10	13,15
5137	5137	10	29
5138	5138	10	3,6,7,17,20,21,26,27,35
5139	5139	9	2,3,4,5,6,7,9,17,18,20,21,24,26,27,35
5140	5140	9	22,30
5141	5141	8	10,22,23,28,30
5142	5142	8	39
5143	5144	8	13,36,37
5145	5145	6	5,13,36,37
5146	5146	7	19
5147	5147	9	4,11,17,40
5148	5148	8	4,11,17,27,28,32,33,40,41,42
5149	5149	10	5,6,17,21,25,35
5150	5150	9	5,6,10,17,21,25,35
5151	5151	8	1,5,6,8,10,11,12,17,21,22,25,34,35,37,38,39
5152	5153	10	13
5154	5154	9	25
5155	5156	10	20
5157	5157	24	26
5158	5163	23	18,26
5164	5165	17	18,23,26
5166	5171	45	20
5172	5181	43	27
5182	5185	33	26,27
5186	5211	36	16
5212	5213	10	16,18
5214	5215	11	15
5216	5217	11	11,33
5218	5219	9	11,14,33
5220	5220	8	10,14
5221	5223	11	34
5224	5226	10	23
5227	5227	8	31
5228	5228	7	11,14,31,33
5229	5229	22	4,5
5230	5239	42	2
5240	5251	61	1
5252	5260	49	1,4
5261	5272	40	1,4,6
5273	5274	28	1,2,4,6
5275	5276	26	1,2,4,6,26
5277	5278	24	1,2,3,4,6,26
5279	5284	22	1,2,3,4,6,26,28
5285	5285	16	1,2,3,4,5,6,25,26,28,30
5286	5287	15	1,2,3,4,5,6,7,12,13,17,25,26,28,30
5288	5289	13	1,2,3,4,5,6,7,12,13,17,19,20,21,22,23,25,26,28,29,30,31,36
5290	5290	11	1,2,3,4,5,6,7,8,9,10,12,13,17,19,20,21,22,23,24,25,26,28,29,30,31,32,33,34,35,36
5291	5294	11	38
5295	5296	7	38,39,42
5297	5297	9	14
5298	5299	8	8,9,14,18
5300	5300	6	8,9,11,13,14,16,18,39
5301	5301	8	19,34
5302	5302	9	40,41
5303	5304	8	39,40,41,42
5305	5305	7	27
5306	5306	9	28
5307	5307	8	14,28
5308	5308	9	10,13,16,26
5309	5309	8	7,8,10,13,16,17,26,28,32,33
5310	5310	7	7,8,10,12,13,16,17,26,28,32,33,41
5311	5311	7	12,17,21,23,25,31,38
5312	5312	8	40,42
5313	5313	7	27,40,42
5314	5314	7	18,24,36
5315	5315	7	37
5316	5316	9	1,3,9,14,18,19,20,22,23,25,29,30,35,36
5317	5317	8	1,3,9,14,18,19,20,21,22,23,24,25,29,30,35,36
5318	5325	19	28
5326	5328	11	2,21,26,28
5329	5329	8	2,18,21,24,26,28,34
5330	5331	8	6,42
5332	5332	6	4,5,6,15,17,29,42
5333	5333	7	6,9,41
5334	5335	9	1
5336	5336	7	1,3,16,38
5337	5337	7	5,12,32,33,36
5338	5341	25	4
5342	5343	21	4,24
5344	5349	19	3,4,24
5350	5351	13	2,3,4,24
5352	5352	11	2,3,4,24,28
5353	5353	10	2,3,4,24,26,28
5354	5354	9	2,3,4,24,26,28,29
5355	5355	8	2,3,4,5,6,24,26,27,28,29
5356	5359	11	10
5360	5360	8	26,30
5361	5361	8	2,3,24,27,28,37
5362	5362	8	17
5363	5363	8	39
5364	5370	44	2
5371	5371	37	2,4
5372	5377	36	2,4,24,27
5378	5382	30	2,3,4,24,27
5383	5383	25	2,3,4,14,24,27
5384	5386	24	2,3,4,14,18,19,20,22,24,25,27,28,29
5387	5395	21	2,3,4,13,14,18,19,20,22,24,25,27,28,29
5396	5396	12	2,3,4,11,12,13,14,15,18,19,20,22,24,25,27,28,29
5397	5397	11	2,3,4,11,12,13,14,15,16,17,18,19,20,22,24,25,27,28,29
5398	5398	10	2,3,4,6,11,12,13,14,15,16,17,18,19,20,22,24,25,27,28,29
5399	5399	9	2,3,4,6,7,11,12,13,14,15,16,17,18,19,20,22,23,24,25,26,27,28,29,32,33
5400	5400	8	2,3,4,6,7,8,11,12,13,14,15,16,17,18,19,20,22,23,24,25,26,27,28,29,32,33
5401	5401	10	37
5402	5404	12	42
5405	5405	9	8,39,42
5406	5406	9	1
5407	5407	8	1,37,38
5408	5408	8	41
5409	5410	9	2,3,4,7,11,12,13,14,15,16,17,18,19,20,22,23,24,25,26,27,29,30,33,35
5411	5411	7	2,3,4,7,11,12,13,14,15,16,17,18,19,20,22,23,24,25,26,27,29,30,33,34,35
5412	5412	6	2,3,4,7,11,12,13,14,15,16,17,18,19,20,21,22,23,24,25,26,27,29,30,33,34,35,40
5413	5414	10	36
5415	5415	12	10
5416	5418	11	10,32
5419	5419	9	19
5420	5420	8	9,19,26
5421	5421	8	10
5422	5422	8	40
5423	5423	7	13,40
5424	5424	8	37
5425	5426	9	28
5427	5427	7	3,28,39,40
5428	5428	13	10,27
5429	5429	12	6,8,9,10,27,31
5430	5431	11	1,5,6,8,9,10,27,31
5432	5432	9	1,5,6,8,9,10,27,31,41
5433	5433	8	1,5,6,8,9,10,26,27,31,34,41
5434	5434	9	19
5435	5436	12	33
5437	5438	12	4
5439	5439	10	4,37,40
5440	5440	9	4,28,37,38,40
5441	5441	8	4,11,23,28,30,37,38,40
5442	5444	40	1
5445	5465	37	1,2
5466	5482	35	4
5483	5484	22	2
5485	5499	22	26
5500	5500	9	16,28
5501	5501	10	27
5502	5502	10	15
5503	5504	9	15,31,40
5505	5505	8	8,16,21,25
5506	5506	8	36,38
5507	5508	12	13
5509	5509	24	29,30
5510	5531	30	1
5532	5532	8	1,40
5533	5533	8	27,40,41
5534	5534	7	12,13,20,27,29,30,40,41
5535	5535	8	17,39
5536	5538	20	2
5539	5541	41	4
5542	5544	38	4,29,30
5545	5548	35	4,6,29,30
5549	5577	37	3
5578	5579	9	17
5580	5580	9	41
5581	5589	59	4
5590	5622	50	2,4
5623	5626	17	1,2,4
5627	5628	13	1,2,4,22
5629	5631	11	1,2,4,22,24,25
5632	5633	9	21
5634	5634	7	12,21
5635	5635	6	12,14,21,41
5636	5636	6	11,14,19,21,23,29,33,37,42
5637	5637	6	36
5638	5638	6	17
5639	5639	6	13,20,30
5640	5640	7	38
5641	5642	19	1,2,4,26,27,28
5643	5643	17	1,2,4,19,21,26,27,28,35
5644	5644	16	1,2,4,18,19,21,26,27,28,35
5645	5648	15	1,2,4,18,19,21,26,27,28,35,40
5649	5649	11	1,2,3,4,18,19,21,26,27,28,35,40
5650	5650	10	1,2,3,4,18,19,20,21,26,27,28,35,40
5651	5651	9	1,2,3,4,18,19,20,21,26,27,28,32,33,35,40
5652	5652	8	1,2,3,4,8,16,18,19,20,21,26,27,28,32,33,35,40
5653	5653	8	5
5654	5655	10	41
5656	5656	8	39,41
5657	5657	7	5,6,30,39,41
5658	5658	7	12,21,42
5659	5659	8	9,12,14,25,31
5660	5660	8	33
5661	5675	27	1
5676	5681	16	15,16
5682	5683	13	2
5684	5686	11	2,3,5,6,26,27
5687	5688	8	2,3,5,6,12,26,27,35
5689	5689	8	1,4,18
5690	5690	7	1,4,8,9,18,32,41
5691	5692	15	30
5693	5695	13	15,25,30
5696	5697	10	3,5,6,15,25,30
5698	5698	8	1,3,4,5,6,8,15,18,25,30,32
5699	5699	10	7,11,42
5700	5702	9	7,11,20,39,40,42
5703	5703	8	22,29
5704	5704	7	2,22,26,27,29,31
5705	5705	8	39,40
5706	5706	8	42
5707	5709	11	5
5710	5711	8	5,7,11,14,17,35,40
5712	5718	15	26
5719	5720	12	2
5721	5721	16	15
5722	5722	15	15,30,35
5723	5723	14	3,15,22,30,34,35
5724	5724	13	3,15,16,22,30,34,35
5725	5727	12	3,4,15,16,22,30,34,35
5728	5728	9	3,4,14,15,16,22,27,30,34,35
5729	5729	8	3,4,8,10,12,14,15,16,22,27,28,30,34,35
5730	5730	7	3,4,8,10,12,14,15,16,18,19,22,27,28,30,32,34,35
5731	5731	7	36,38
5732	5732	8	15
5733	5733	8	1,7
5734	5734	7	1,7,17
5735	5741	25	5
5742	5745	39	1
5746	5746	35	1,3
5747	5758	34	1,3,6
5759	5778	31	35
5779	5780	11	34,35
5781	5781	11	2,20
5782	5790	24	5
5791	5792	15	5,21,24,25
5793	5794	13	3,5,19,21,23,24,25,31
5795	5800	11	3,5,8,16,19,21,22,23,24,25,31
5801	5801	7	11,12,13
5802	5802	10	4
5803	5804	9	2,4
5805	5805	8	1,28
5806	5806	7	1,4,19,28,29
5807	5808	9	27
5809	5809	8	33
5810	5810	7	1,3,15,18,20,32,33,39
5811	5811	7	14
5812	5812	7	30
5813	5813	10	20
5814	5814	9	8,16,19,20
5815	5815	8	8,16,19,20,21,23
5816	5816	8	2,24,31,37,38,40
5817	5817	11	7,10,11,12,13,27,35,36
5818	5818	10	7,10,11,12,13,15,18,27,32,33,35,36,41,42
5819	5819	9	7,10,11,12,13,15,18,27,30,32,33,35,36,41,42
5820	5820	8	6,7,10,11,12,13,15,18,27,30,32,33,35,36,41,42
5821	5822	10	28
5823	5823	8	28,40,41,42
5824	5828	19	16
5829	5835	15	32,33,34,35
5836	5837	9	5,6,9
5838	5838	9	10
5839	5840	10	14,30
5841	5841	8	14,30,39,41,42
5842	5842	7	7,10,14,20,30,36,37,38,39,41,42
5843	5843	9	5,19,25,29
5844	5844	8	1,2,5,18,19,21,22,25,29,30,31
5845	5847	15	33,35
5848	5848	12	17,33,35
5849	5849	11	4,17,33,35
5850	5850	10	4,12,17,33,35
5851	5851	9	4,12,17,23,33,35
5852	5852	8	3,4,6,11,12,13,14,15,16,17,23,26,33,35
5853	5860	28	2
5861	5870	20	1,2
5871	5872	10	1,2,20
5873	5874	9	41
5875	5875	8	12
5876	5876	9	39,40
5877	5877	9	17,25
5878	5878	8	5,13,17,25,26,32,33
5879	5879	7	5,13,17,22,24,25,26,30,32,33,37
5880	5880	7	24,41
5881	5881	7	5,30,31,36
5882	5899	42	2
5900	5910	27	6
5911	5911	16	6,35
5912	5913	15	6,29,30,35
5914	5916	13	4,6,29,30,35
5917	5922	18	8
5923	5923	13	27
5924	5929	29	1
5930	5953	49	3
5954	5975	28	4
5976	5976	7	15
5977	5977	8	36
5978	5978	7	3,5,29,36,39,40,41,42
5979	5979	7	13
5980	5985	13	1,16
5986	5986	7	1,8,16
5987	5987	7	13
5988	5988	13	28
5989	5990	12	4,27,28
5991	5999	17	23
6000	6000	8	23,40
6001	6001	8	8,17
6002	6002	7	2,4,8,9,17
6003	6003	8	26,38
6004	6004	7	2,4,26,35,37,38
6005	6005	6	2,3,4,5,26,31,32,35,36,37,38
6006	6006	8	11
6007	6007	7	11,38
6008	6008	7	12
6009	6009	7	1,3,5,27,28,32,33
6010	6010	8	39
6011	6011	7	39,41
6012	6012	11	26
6013	6013	10	14,26
6014	6014	9	14,22,26
6015	6015	9	23,27,30
6016	6016	8	21,23,27,30
6017	6017	7	3,4,13,17,18,20,21,23,27,30,32,33,39
6018	6018	8	22,25
6019	6019	9	16,41
6020	6021	10	31
6022	6022	8	14,31
6023	6023	7	10,14,15,19,30,31,34,40
6024	6024	8	22,36
6025	6025	8	39
6026	6026	7	20,39
6027	6027	8	28
6028	6028	9	25
6029	6029	8	5,25
6030	6030	9	37
6031	6031	9	2,3,8,10,11,14,15,17,29,30,31,34
6032	6032	10	28
6033	6039	14	21
6040	6041	10	42
6042	6042	8	24,41,42
6043	6043	8	28
6044	6044	7	16,28,34
6045	6046	10	25,32,33
6047	6047	9	27
6048	6048	18	26
6049	6069	28	3
6070	6070	7	3,30
6071	6071	9	6,14,29,32,33
6072	6072	8	2,4,6,14,15,29,32,33
6073	6073	7	2,4,6,11,14,15,16,23,24,27,29,31,32,33,34,35
6074	6074	7	26,42
6075	6075	6	1,5,12,15,20,24,26,34,42
6076	6076	6	31
6077	6077	7	6
6078	6078	6	3,6,42
6079	6079	6	9,28
6080	6080	5	7,9,10,28,39
6081	6081	10	11
6082	6084	13	1
6085	6088	14	6
6089	6095	18	5
6096	6097	18	1
6098	6099	16	1,2
6100	6106	14	1,2,4
6107	6107	7	1,2,4,10,17
6108	6108	6	1,2,3,4,5,6,7,9,10,11,14,15,16,17,19,33,36
6109	6109	7	6,41
6110	6110	8	13,31
6111	6111	8	32,37
6112	6113	9	31
6114	6117	11	18
6118	6118	7	18,33
6119	6119	8	12
6120	6120	8	1,16,27,40
6121	6121	8	21,22,23,25
6122	6122	7	21,22,23,25,31
6123	6123	7	5
6124	6124	7	2,19,32,34,41
6125	6131	29	2
6132	6142	22	1,2,3,4
6143	6143	14	30
6144	6145	13	7,8,10,11,12,30,35
6146	6148	11	7,8,10,11,12,30,31,35
6149	6149	8	7,8,9,10,11,12,13,14,22,30,31,35
6150	6150	7	3,6,7,8,9,10,11,12,13,14,15,16,17,21,22,30,31,33,35
6151	6151	9	8,25
6152	6152	8	5,8,25,26,37,38,40,41,42
6153	6153	8	34
6154	6154	7	34,41
6155	6155	7	24,32,38
6156	6156	8	6,16,21,39,42
6157	6157	7	6,10,16,19,20,21,39,42
6158	6159	9	6
6160	6160	7	1,2,4,6,18,31
6161	6161	9	41
6162	6162	8	1,3,29,34,41
6163	6163	9	24,27,28,32
6164	6164	8	5,7,13,14,15,17,23,24,25,27,28,32,33,39
6165	6165	8	6,16,21,39
6166	6166	7	6,10,16,21,39
6167	6167	13	12
6168	6168	12	12,18
6169	6169	13	2
6170	6170	12	2,4
6171	6178	17	1
6179	6180	9	1,34,37
6181	6181	8	18
6182	6182	10	13
6183	6190	21	30
6191	6191	13	25,30
6192	6192	12	2,15,16,25,30
6193	6193	12	13
6194	6194	12	29
6195	6195	11	9,10,29
6196	6197	12	26
6198	6198	10	4,26
6199	6199	9	4,22,26
6200	6201	10	12
6202	6202	8	12,39,41
6203	6203	7	12,24,36,39,41
6204	6204	8	31
6205	6205	34	2
6206	6207	33	1,2
6208	6208	31	1,2,5
6209	6210	30	1,2,4,5
6211	6215	28	1,2,3,4,5
6216	6227	23	1,2,3,4,5,15
6228	6239	23	29,30
6240	6240	11	5,6,29,30
6241	6243	11	34
6244	6244	10	31
6245	6245	10	8,19,20,21,23,24,25
6246	6246	9	1,3,8,19,20,21,23,24,25,31
6247	6247	8	1,3,8,19,20,21,23,24,25,27,31
6248	6248	7	1,3,8,19,20,21,22,23,24,25,27,31,36,37
6249	6249	7	41
6250	6250	7	22,40
6251	6251	8	42
6252	6252	7	5,6,29,30,42
6253	6253	8	11,26
6254	6254	7	11,26,28
6255	6255	8	15
6256	6256	10	1
6257	6257	9	1,39
6258	6258	8	1,39,40
6259	6259	9	40
6260	6260	8	9,17,18,40,42
6261	6261	7	9,10,12,14,15,17,18,35,40,41,42
6262	6262	10	32
6263	6263	9	23,32
6264	6264	8	23,31,32,33
6265	6265	8	41
6266	6266	10	7,18
6267	6269	10	34
6270	6270	9	3,13
6271	6271	9	2
6272	6272	8	2,27
6273	6273	7	2,27,32,33,37
6274	6275	8	16,39
6276	6276	7	5,28
6277	6277	7	40,41
6278	6278	7	34
6279	6279	9	32,36,39
6280	6281	12	3
6282	6284	11	1
6285	6286	10	4
6287	6287	8	4,23
6288	6288	8	38
6289	6289	7	8,20,21,23,30,32,38
6290	6290	7	3,12,24,31,40
6291	6291	7	4
6292	6294	13	19
6295	6295	10	19,25,34
6296	6296	9	19,23,25,34,38
6297	6297	8	19,23,25,34,38,39
6298	6299	9	14
6300	6300	9	9
6301	6302	9	28
6303	6303	9	16
6304	6307	10	27
6308	6308	9	14
6309	6309	8	9,10,14
6310	6310	7	9,10,14,41,42
6311	6311	8	28,39,40
6312	6313	10	15,19
6314	6314	8	15,19,25,26
6315	6315	7	15,19,25,26,27,35
6316	6319	43	3
6320	6340	40	2
6341	6342	19	2,21
6343	6343	17	2,14,18,21
6344	6345	16	2,14,18,21,29
6346	6346	14	2,5,14,18,20,21,29
6347	6354	16	10,23
6355	6355	8	10,23,39
6356	6356	7	10,23,30,39
6357	6357	6	10,23,30,39,41
6358	6358	7	14,36,40,42
6359	6359	8	27
6360	6360	8	3,4,12,35,42
6361	6365	15	2
6366	6371	30	3
6372	6373	24	3,4
6374	6399	67	1
6400	6409	41	1,29
6410	6417	51	31
6418	6418	44	14,19
6419	6419	56	27
6420	6432	55	11,27
6433	6441	42	5,11,27
6442	6474	41	1
6475	6475	8	1,32
6476	6476	9	5,11,15,16,28
6477	6477	8	5,11,15,16,28,36
6478	6479	10	37,38
6480	6483	18	4
6484	6487	14	3,4
6488	6488	10	3,4,7,10,23,31
6489	6489	10	39
6490	6490	10	26
6491	6492	9	26,30
6493	6493	9	21
6494	6494	8	2,7,21,22,28
6495	6495	7	2,7,15,21,22,28
6496	6496	9	36,38
6497	6498	20	13
6499	6518	44	4,34,35
6519	6519	24	2,4,34,35
6520	6525	23	2,3,4,34,35
6526	6537	27	29
6538	6543	15	29,31
6544	6557	23	3,4
6558	6558	9	3,4,7,13
6559	6560	8	3,4,7,13,39
6561	6561	8	41
6562	6563	11	17
6564	6567	21	19
6568	6569	23	7
6570	6585	30	6
6586	6590	21	34
6591	6593	26	35
6594	6600	25	33
6601	6608	22	6
6609	6615	14	5,6
6616	6617	8	7,8,9,12
6618	6618	8	3,4,20
6619	6619	9	32
6620	6620	8	32,33
6621	6621	8	1,7,8,13,21,27,28,34,40,42
6622	6622	7	1,7,8,13,21,25,27,28,34,39,40,41,42
6623	6623	10	10
6624	6624	9	5,10
6625	6625	9	34,35
6626	6626	8	34,35,37
6627	6627	7	3,16,34,35,37
6628	6629	9	17
6630	6630	11	36
6631	6632	16	28
6633	6633	15	15
6634	6634	14	9,15
6635	6636	13	9,15,34
6637	6639	11	9,15,34,39,42
6640	6640	11	23
6641	6641	11	1,27
6642	6642	10	1,5,6,27
6643	6643	9	1,5,6,8,16,27
6644	6644	8	1,4,5,6,7,8,10,16,27
6645	6645	8	40
6646	6646	9	17
6647	6647	8	17,22,25
6648	6648	7	3,10,12,17,20,21,22,23,25,29,39,41
6649	6651	12	24
6652	6652	9	24,27
6653	6654	19	1,4,14,19
6655	6655	17	1,4,14,19,28
6656	6656	16	1,3,4,14,19,20,21,28
6657	6672	29	2
6673	6684	20	1
6685	6686	9	40
6687	6687	8	2,39
6688	6688	7	2,20,29,32,39
6689	6690	8	26
6691	6691	10	19
6692	6693	9	1,6,18,19,23,26,30,31
6694	6695	9	42
6696	6696	7	20,21,41,42
6697	6697	9	11
6698	6698	8	11,13,18,21,24
6699	6699	10	15
6700	6700	9	2,15,16
6701	6701	9	37
6702	6702	9	6,17,23,26,30,31
6703	6703	8	6,14,17,23,26,30,31,37
6704	6704	9	42
6705	6705	8	9,26,27,42
6706	6706	9	33,40
6707	6713	25	7
6714	6715	18	7,9
6716	6716	17	1
6717	6725	18	25
6726	6727	9	25,29
6728	6728	8	34
6729	6729	8	32,33
6730	6730	7	8,9,10,11,18,28,29,32,33,36
6731	6731	8	39,40
6732	6732	8	8,23
6733	6733	8	7,19,20
6734	6734	7	1,7,19,20,27,28,31
6735	6735	8	15
6736	6736	9	41
6737	6737	8	11,14,24,34,41
6738	6738	8	29
6739	6740	8	42
6741	6741	7	21
6742	6742	8	1
6743	6743	7	1,18,25,27
6744	6744	8	36
6745	6745	7	13,28,36
6746	6746	9	26
6747	6747	9	24
6748	6750	13	23
6751	6751	10	1,23,32,33
6752	6752	10	15
6753	6755	12	13
6756	6756	9	13,26
6757	6757	10	22,23,24,25
6758	6758	9	22,23,24,25,29
6759	6759	8	1,2,3,4,7,8,9,10,11,12,15,17,18,19,20,21,22,23,24,25,27,29,31,32,34,39
6760	6760	8	31,39,40
6761	6761	8	30
6762	6762	7	1,6,23,30,32,33
6763	6764	7	11,13
6765	6765	7	42
6766	6766	7	5,13,16
6767	6767	8	22
6768	6768	8	39,40
6769	6769	8	40
6770	6770	7	1,4,6,12,15,23,24,32,33,34,40
6771	6771	6	1,4,6,11,12,13,15,23,24,32,33,34,40
6772	6772	7	3
6773	6773	8	16,37,38
6774	6774	7	1,5,12,16,35,37,38
6775	6776	10	7
6777	6777	21	14
6778	6796	27	11
6797	6797	8	5,8,10,11,32,33
6798	6798	7	5,8,10,11,16,19,21,27,28,32,33,35,37,38
6799	6802	20	2,16
6803	6804	16	2,16,18
6805	6805	14	2,16,18,19
6806	6807	13	2,16,18,19,22,24
6808	6808	11	2,3,15,16,18,19,20,22,23,24,42
6809	6815	16	29,31
6816	6816	9	29,30,31
6817	6817	8	1,17,29,30,31,39,40
6818	6818	7	1,12,17,29,30,31,39,40
6819	6819	9	7,13,31
6820	6821	10	23,42
6822	6830	37	35
6831	6831	28	34,35
6832	6834	27	4,10,34,35
6835	6836	24	4,10,17,34,35
6837	6837	22	4,7,10,16,17,34,35
6838	6846	26	9
6847	6889	52	1
6890	6890	10	28
6891	6891	9	2,16,21,28
6892	6893	9	3,22
6894	6894	8	15
6895	6895	7	15,37
6896	6896	8	5
6897	6898	8	9,11,14,15,18,36
6899	6899	9	38,42
6900	6900	9	1
6901	6908	22	2
6909	6909	14	2,34
6910	6914	13	2,20,21,34
6915	6915	8	2,7,20,21,34
6916	6916	8	10,12,14,29
6917	6917	8	5,30,31
6918	6919	10	1,4
6920	6920	8	1,4,8,19,35
6921	6921	8	13,36
6922	6922	7	1,8,13,20,36,38
6923	6923	7	24
6924	6924	9	20,21,22,25
6925	6930	20	18,29
6931	6931	14	18,26,28,29,32,33
6932	6933	13	18,26,27,28,29,32,33
6934	6997	72	3
6998	6999	11	32,33
7000	7000	10	12,29,31
7001	7001	9	11,12,13,23,29,31,38
7002	7002	8	11,12,13,23,25,29,31,38
7003	7003	9	21
7004	7005	9	1,18
7006	7007	9	39
7008	7009	9	22
7010	7010	8	32,41
7011	7012	9	23,31,38
7013	7013	20	17
7014	7017	21	3
7018	7019	18	33
7020	7020	19	25
7021	7021	25	1
7022	7039	30	4
7040	7040	13	14
7041	7046	12	11,14
7047	7047	9	1
7048	7053	17	19
7054	7054	11	11,14,17,19
7055	7055	13	8
7056	7056	13	2,32
7057	7063	13	1
7064	7064	7	15,17,26,36,41
7065	7065	7	14,35,40
7066	7066	8	11,12
7067	7067	7	11,12,18
7068	7068	6	11,12,16,18,30
7069	7069	6	29
7070	7070	7	4,34
7071	7071	7	13
7072	7072	9	15,19
7073	7073	8	7,11,15,17,18,19,20,21,30,34,35
7074	7074	9	22,24
7075	7075	8	9,11,12,22,24,30,38
7076	7076	7	2,4,5,7,9,10,11,12,15,22,24,27,29,30,32,33,37,38
7077	7077	7	1,19
7078	7078	6	1,19,20,34
7079	7079	7	25
7080	7080	8	10
7081	7081	7	6,10,13,26,27,28,36,38,41
7082	7082	9	3
7083	7083	8	3,16,39
7084	7094	23	4
7095	7095	12	4,31
7096	7098	12	7
7099	7101	11	1,3
7102	7102	8	1,3,6,27,28
7103	7103	10	12
7104	7104	9	12,40
7105	7107	10	37
7108	7110	10	39,42
7111	7111	8	1,3,6,19,22,27,28,29,32,33,35
7112	7113	11	13
7114	7115	10	40
7116	7116	8	37,40
7117	7117	7	8,37,40
7118	7119	9	3
7120	7122	24	3
7123	7128	30	4
7129	7129	24	4,13
7130	7136	23	4,11,13
7137	7144	16	4,11,13,20
7145	7149	12	28
7150	7150	7	6,22,28,31,34,37
7151	7151	8	5
7152	7152	8	7
7153	7153	7	7,8,32,33
7154	7154	8	19
7155	7155	8	3,9,13,19,21,24,32
7156	7156	9	20,26,33
7157	7157	9	30
7158	7161	24	6
7162	7169	20	1,6
7170	7170	12	1,2,3,4,6,32,33
7171	7171	11	1,2,3,4,6,13,32,33
7172	7172	10	1,2,3,4,6,9,13,32,33
7173	7173	9	1,2,3,4,6,9,13,15,32,33,41
7174	7174	8	1,2,3,4,6,9,13,15,32,33,39,41,42
7175	7175	9	34
7176	7180	16	26
7181	7182	16	28
7183	7192	19	2
7193	7193	9	2,26
7194	7194	9	9,18,23,32
7195	7195	9	24
7196	7196	8	24,39
7197	7197	8	40
7198	7198	8	2,3,6
7199	7199	7	2,3,6,11,14
7200	7200	7	1,22
7201	7201	7	13,35
7202	7202	8	41
7203	7203	7	5,10,41
7204	7204	7	6,9,15,17,18,19,20,23,32,39,40
7205	7207	12	32,33
7208	7208	9	25,32,33
7209	7209	12	13
7210	7211	11	2,4,13
7212	7212	9	2,4,6,13,15,17,18,19,23
7213	7213	9	3
7214	7216	10	39
7217	7217	7	1,16,29,39
7218	7221	11	41
7222	7222	8	26,35
7223	7225	10	14
7226	7226	8	28,31
7227	7227	7	14,28,31
7228	7228	7	1,11,37
7229	7229	7	10
7230	7230	7	22
7231	7231	6	22,26,30,35
7232	7232	7	25,32
7233	7233	7	1,5,7,8,9,10,11,12,16,20,25,29,30,32,33,35
7234	7234	7	9,24
7235	7235	7	15
7236	7236	7	1,2,13,18,19,21,23,24
7237	7237	8	3,4,6,28
7238	7238	7	3,4,6,22,28,30,35,36,38
7239	7239	9	31
7240	7240	9	39
7241	7241	9	3,6,8,14,34,36,37
7242	7243	9	37
7244	7244	10	2,21,24,27,34
7245	7245	9	2,17,21,24,27,34,42
7246	7247	8	2,3,4,6,7,17,21,22,24,27,28,30,34,42
7248	7248	7	13,15,18,22,25,32
7249	7251	11	31
7252	7252	8	31,37
7253	7253	7	4,31,37
7254	7254	7	36,38,41
7255	7255	8	2,7,30
7256	7257	10	41,42
7258	7258	8	39,41,42
7259	7259	7	2,8,12,14,15,18,23,39,41,42
7260	7261	11	19
7262	7263	12	3,16,34
7264	7265	11	32
7266	7266	10	29
7267	7270	12	18
7271	7271	8	5,9,13,14,16,18,19,21,26
7272	7272	8	5,6,19,21
7273	7274	10	20,31
7275	7276	10	34
7277	7277	8	15,17,34,39,40,41,42
7278	7279	12	11
7280	7280	10	11,12,13,14
7281	7281	9	8,11,12,13,14,18
7282	7282	8	8,10,11,12,13,14,18
7283	7283	8	39
7284	7284	8	12,20
7285	7285	7	12,20,28,29,31,36
7286	7286	9	40,42
7287	7287	9	35,38
7288	7288	8	35,36,38
7289	7291	19	3
7292	7297	16	3,24
7298	7299	10	3,24,34
7300	7300	9	40
7301	7301	8	31,40
7302	7303	8	37
7304	7304	7	1,4,7,8,10,14,15,30,35
7305	7305	6	1,4,7,8,10,14,15,30,35,36,38,40
7306	7331	55	1
7332	7335	29	1,4
7336	7338	25	1,4,28
7339	7339	22	1,4,26,28
7340	7341	21	1,4,26,27,28
7342	7350	19	1,2,4,26,27,28
7351	7351	10	1,2,4,5,11,26,27,28,29,31
7352	7353	9	1,2,4,5,11,16,26,27,28,29,31
7354	7354	9	36
7355	7355	8	7,36
7356	7356	8	10
7357	7357	8	17,38
7358	7358	8	4,9
7359	7360	9	3,6,30,38
7361	7365	15	13
7366	7366	10	13,31,34
7367	7367	9	3,7,8,9,13,26,31,34
7368	7368	10	2,21,32
7369	7369	12	3
7370	7374	14	1
7375	7375	9	1,7
7376	7376	8	1,6,7
7377	7377	10	13,14
7378	7378	9	13,14,30,31,32,33
7379	7380	9	17,36,41
7381	7381	8	42
7382	7382	8	9,40
7383	7383	7	2,9,10,11,12,14,16,18,19,30,40
7384	7384	8	5,15,20,33
7385	7385	7	1,5,7,8,9,15,20,33
7386	7386	8	37
7387	7387	7	6,37
7388	7388	7	29,32
7389	7389	6	29,32,36,38,41
7390	7390	9	17
7391	7391	8	10,16,17
7392	7392	7	6,10,16,17,36
7393	7394	10	15
7395	7395	8	15,23,31
7396	7396	9	41
7397	7397	8	2,41
7398	7398	7	2,11,22,41
7399	7399	6	2,11,15,20,22,33,41
7400	7400	10	10
7401	7402	9	2,10
7403	7403	10	25
7404	7405	10	30
7406	7407	9	2
7408	7408	8	21
7409	7409	8	12
7410	7410	9	4,22
7411	7411	8	4,22,26
7412	7414	10	22
7415	7415	7	16,17,22,40,41,42
7416	7416	9	2,36
7417	7417	8	2,21,36
7418	7418	7	1,2,5,6,7,9,12,20,21,27,29,31,36,39
7419	7419	7	11
7420	7421	7	24
7422	7424	8	6
7425	7425	7	7,8,15,16,19,23,40,42
7426	7432	27	1,4
7433	7439	20	1,4,11
7440	7443	13	1,3,4,11
7444	7446	10	16
7447	7447	9	34
7448	7448	8	8,34,36,39
7449	7449	7	8,27,34,36,39
7450	7450	8	29
7451	7451	7	24,25,29,39
7452	7452	7	41
7453	7453	6	26,35,36,37,38,41
7454	7461	22	4
7462	7474	41	28
7475	7476	29	27
7477	7480	28	30
7481	7482	24	8,30
7483	7495	22	8,10,30
7496	7501	13	42
7502	7502	8	1,6,7,10
7503	7503	9	34
7504	7505	12	17
7506	7508	10	17,36,38
7509	7511	11	16
7512	7512	10	5,6
7513	7514	10	1,4
7515	7515	8	1,4,39,40
7516	7516	8	29,42
7517	7518	9	36,38
7519	7519	7	26,36,38
7520	7520	6	11,19,22,26,36,38
7521	7521	9	31
7522	7523	10	3
7524	7525	40	4
7526	7532	38	4,28
7533	7550	32	27
7551	7555	14	22,27
7556	7556	9	6,22,27
7557	7557	8	6,22,27,37
7558	7558	7	6,22,27,36,37,38,40
7559	7559	8	12
7560	7560	7	12,34
7561	7562	9	41
7563	7563	7	1,15,16,37,41
7564	7564	10	17,18,20
7565	7565	10	4
7566	7566	10	6,22,24,27,30,38
7567	7567	9	6,11,13,22,24,27,30,38
7568	7568	8	6,11,12,13,22,24,27,30,38
7569	7569	11	33
7570	7570	11	7,29
7571	7571	10	7,19,26,29,41
7572	7572	9	1,3,7,8,9,10,19,26,29,31,35,41
7573	7573	9	2,5,25,34
7574	7574	8	2,5,25,34,36,40
7575	7576	10	18
7577	7577	8	6,14,18
7578	7578	8	32
7579	7581	10	21
7582	7582	9	19,21
7583	7583	9	13
7584	7584	9	17
7585	7588	35	4
7589	7590	61	31
7591	7593	59	5,31
7594	7596	56	5,30,31
7597	7657	91	16
7658	7663	44	4
7664	7673	38	3,4
7674	7687	28	3,4,26
7688	7688	14	3,4,26,31
7689	7690	13	2,3,4,26,27,28,31,34
7691	7691	11	2,3,4,26,27,28,29,31,34
7692	7692	10	2,3,4,26,27,28,29,30,31,34
7693	7694	9	2,3,4,26,27,28,29,30,31,34,37
7695	7695	9	17,18
7696	7696	8	7,11,15,16,17,18,21,35,42
7697	7697	7	7,8,11,15,16,17,18,21,35,38,42
7698	7699	7	19
7700	7700	6	5,38
7701	7701	5	5,38,39,40,41,42
7702	7702	6	39,40
7703	7703	7	6,26,31
7704	7704	7	4,12,16,26,29
7705	7705	7	1,7,8,11,14,16,17,37,38,42
7706	7706	7	19
7707	7707	8	39
7708	7708	9	2,3,29
7709	7709	8	2,3,9,10,29,34
7710	7710	16	28
7711	7711	15	6,28
7712	7712	16	15
7713	7717	15	15,16,17
7718	7720	11	31
7721	7721	8	18,31
7722	7722	8	9
7723	7723	8	39
7724	7724	8	19,40
7725	7725	7	3,19,36,40
7726	7726	7	31
7727	7728	10	36,38
7729	7731	14	12
7732	7732	11	1,2,3,4,12,14,20,21,22,24,25,26,34,35
7733	7743	52	3
7744	7758	42	1
7759	7788	68	13
7789	7792	58	25
7793	7803	67	35
7804	7821	56	30,35
7822	7822	50	11
7823	7830	49	11,12
7831	7847	50	3
7848	7859	33	1,3
7860	7872	21	1,3,6
7873	7873	9	21,27,28
7874	7874	8	9,10,18,21,27,28
7875	7876	9	24,29,30,33
7877	7878	10	34
7879	7879	8	2,4,31,34
7880	7881	9	5,15
7882	7882	8	6,24
7883	7883	8	27
7884	7884	7	27,37
7885	7885	8	25
7886	7886	7	25,36,40,41,42
7887	7887	7	9,10
7888	7888	8	2,4,8,14,17,31,34
7889	7889	7	2,4,7,8,14,17,31,34
7890	7942	151	1
7943	7952	98	1,3
7953	7978	88	1,2,3
7979	7980	62	1,2,3,20
7981	7985	60	1,2,3,18,20
7986	8002	55	1,2,3,18,19,20
8003	8016	38	1,2,3,4,18,19,20
8017	8022	24	1,2,3,4,18,19,20,29,30
8023	8023	18	1,2,3,4,18,19,20,22,25,29,30
8024	8036	20	26
8037	8037	8	23,32,36
8038	8038	8	11
8039	8039	7	11,39,42
8040	8040	9	15,16,17,39
8041	8041	8	5,6,13,15,16,17,39,42
8042	8042	8	31
8043	8044	8	17
8045	8045	7	26,37,41
8046	8046	7	1
8047	8048	11	11
8049	8049	9	11,14
8050	8052	11	3
8053	8056	11	41
8057	8061	17	18
8062	8065	17	3
8066	8074	41	4
8075	8079	32	4,5
8080	8088	27	3,4,5
8089	8089	18	3,4,5,26
8090	8096	20	29
8097	8101	13	29,31
8102	8102	9	34
8103	8103	8	7,34
8104	8107	12	15
8108	8109	12	3
8110	8113	11	2
8114	8114	8	19
8115	8116	9	25
8117	8117	8	23,24
8118	8120	10	39,41,42
8121	8121	10	3,4,7,9,10,11,13,14,18,19,21,22,23
8122	8122	9	2,3,4,7,9,10,11,13,14,18,19,21,22,23
8123	8131	18	19
8132	8149	31	1
8150	8153	16	16
8154	8155	16	4
8156	8161	32	32
8162	8177	30	34
8178	8178	14	4,34
8179	8180	13	1,4,34
8181	8182	11	1,4,15,16,34
8183	8183	9	1,4,15,16,28,34
8184	8184	8	1,4,15,16,27,28,34
8185	8185	7	1,2,4,7,15,16,21,22,26,27,28,30,34,35
8186	8186	7	37,38
8187	8187	9	13
8188	8188	8	4,13
8189	8189	7	4,13,14
8190	8190	8	17,39
8191	8191	7	16,17,39
8192	8192	9	28
8193	8201	22	1,21
8202	8202	24	35
8203	8219	59	8
8220	8220	42	8,17
8221	8255	44	7
8256	8258	10	36
8259	8260	8	9,10,15,36
8261	8261	8	11
8262	8262	7	11,31,35,40,42
8263	8272	36	3
8273	8278	26	3,20
8279	8287	20	3,10,20
8288	8290	11	3,8,10,20
8291	8291	8	3,7,8,10,20
8292	8292	7	3,6,7,8,10,20,42
8293	8301	41	1
8302	8302	32	1,24
8303	8308	31	1,23,24
8309	8310	25	1,2,11,12,23,24,27,29,31,32,33
8311	8313	23	1,2,11,12,22,23,24,27,29,31,32,33
8314	8317	20	1,2,11,12,22,23,24,27,29,31,32,33,34,35
8318	8322	16	1,2,11,12,18,19,20,21,22,23,24,27,29,31,32,33,34,35
8323	8329	14	28
8330	8331	7	4,12,13,28,35
8332	8332	17	7
8333	8334	16	7,10
8335	8338	21	2
8339	8359	42	1
8360	8367	23	3
8368	8370	15	3,4
8371	8373	43	25
8374	8379	40	24,25
8380	8383	34	22,24,25
8384	8384	32	3,4
8385	8389	31	3,4,14
8390	8396	26	3,4,14,15
8397	8408	20	21
8409	8410	8	16,17,21
8411	8411	7	38,42
8412	8418	18	32,33
8419	8421	11	5,32,33
8422	8423	8	1,2,5,6,32,33
8424	8424	9	36
8425	8425	8	36,37,38
8426	8426	7	1,7,18,19,26,36,37,38,41
8427	8427	6	1,4,7,18,19,26,36,37,38,39,41,42
8428	8428	6	30,34
8429	8429	8	13
8430	8430	8	20
8431	8457	38	1
8458	8458	26	3,14
8459	8460	31	33
8461	8463	29	13,33
8464	8464	46	27
8465	8465	46	16
8466	8466	45	9,16
8467	8469	44	9,10,16,26
8470	8470	41	1,9,10,16,26
8471	8477	40	1,9,10,16,26,28
8478	8479	33	1,9,10,15,16,26,28
8480	8490	31	1,7,9,10,15,16,26,28
8491	8495	20	1,7,9,10,13,15,16,17,26,28
8496	8499	15	1,7,9,10,13,15,16,17,26,28,30
8500	8500	11	1,3,4,7,8,9,10,11,12,13,14,15,16,17,26,28,30,32,33
8501	8501	10	1,3,4,7,8,9,10,11,12,13,14,15,16,17,25,26,28,30,32,33,34
8502	8502	9	1,3,4,7,8,9,10,11,12,13,14,15,16,17,21,22,25,26,28,29,30,32,33,34
8503	8503	8	1,3,4,7,8,9,10,11,12,13,14,15,16,17,19,20,21,22,25,26,28,29,30,32,33,34
8504	8504	7	1,3,4,7,8,9,10,11,12,13,14,15,16,17,18,19,20,21,22,25,26,28,29,30,32,33,34
8505	8505	7	6
8506	8506	8	41
8507	8507	7	1,17,36,41
8508	8508	8	7,15,26
8509	8509	9	4,9
8510	8510	8	4,9,35
8511	8512	10	19
8513	8514	9	39,42
8515	8515	8	3
8516	8516	7	3,10
8517	8517	7	23
8518	8518	7	11,41
8519	8519	8	7,8,9,10,27
8520	8521	8	19
8522	8522	9	42
8523	8524	9	37
8525	8525	9	2,20
8526	8529	40	1
8530	8543	44	2
8544	8565	30	2,4
8566	8566	8	2,3,4,25
8567	8567	8	18
8568	8568	7	18,23,24
8569	8569	7	12,14,39
8570	8570	8	30
8571	8572	8	2,4
8573	8573	8	40
8574	8574	10	35
8575	8586	24	3
8587	8587	12	3,4
8588	8592	19	1
8593	8593	14	1,17,24,25
8594	8598	17	5
8599	8603	14	6
8604	8604	10	9,14
8605	8606	10	21,29
8607	8607	8	3,4,5,6,7,8,10,18,20,21,22,23,27,28,29,35
8608	8608	8	31
8609	8609	8	39
8610	8610	7	26,39
8611	8611	7	15
8612	8612	12	26
8613	8624	21	13
8625	8628	12	26
8629	8629	8	12,16,26,28,34
8630	8630	9	30
8631	8631	9	37
8632	8632	8	11,37,38
8633	8633	9	3
8634	8634	8	3,24
8635	8635	8	13,21
8636	8637	10	42
8638	8638	9	4,16,32,33,34
8639	8641	11	23
8642	8642	8	19,23,25
8643	8643	9	17
8644	8645	10	18,21
8646	8646	9	36,41
8647	8648	10	40
8649	8649	8	40,41
8650	8650	7	1,2,5,6,8,9,11,24,39,40,41
8651	8654	21	3
8655	8656	17	3,14
8657	8657	15	3,14,23
8658	8659	14	1,3,4,14,23
8660	8660	12	1,3,4,14,16,17,23
8661	8661	12	13
8662	8663	13	22
8664	8665	17	12,31
8666	8668	15	12,19,21,31
8669	8672	12	12,19,20,21,31
8673	8673	22	1,4
8674	8682	21	1,2,4
8683	8683	12	1,2,4,5,28
8684	8686	11	1,2,4,5,27,28
8687	8687	9	37
8688	8688	16	36
8689	8691	15	14,36
8692	8695	12	14,30,36
8696	8699	17	6
8700	8700	13	6,35
8701	8703	12	3,6,35
8704	8704	9	3,6,35,38
8705	8706	11	27
8707	8707	9	27,28,41
8708	8708	9	16
8709	8709	8	9,15,16,31,33
8710	8710	7	5,9,11,15,16,17,23,24,25,31,33
8711	8711	10	32
8712	8712	9	6,13,14,32
8713	8713	9	7,10,20,32,33,34
8714	8714	8	3,6,7,10,18,20,32,33,34,35,36,38
8715	8716	11	2,12
8717	8717	9	1,2,8,12
8718	8719	8	1,2,5,8,12,15,23,24,25,31
8720	8720	6	1,2,5,7,8,11,12,15,23,24,25,29,31
8721	8721	7	1,4,38
8722	8722	8	20
8723	8723	7	5,18,19,20,22,24,26,27,30,35
8724	8724	7	9,21,29,34,37,40
8725	8725	8	8,16
8726	8726	9	39
8727	8730	16	1
8731	8731	20	30
8732	8733	19	29,30
8734	8734	17	9,23,29,30,31
8735	8735	16	9,20,22,23,29,30,31,33
8736	8736	25	37,38
8737	8740	24	6,37,38
8741	8751	27	5
8752	8752	16	5,9,28,39
8753	8757	15	1,5,9,21,28,39
8758	8759	10	1,3,5,9,21,28,39,42
8760	8760	8	1,3,5,9,14,16,19,21,28,39,40,42
8761	8761	8	24,32,33
8762	8762	8	41
8763	8763	8	35
8764	8766	10	30
8767	8768	11	40
8769	8769	10	32
8770	8770	12	37
8771	8771	11	37,41
8772	8772	10	2,4,37,41
8773	8773	9	2,4,12,18,29,37,41
8774	8774	8	2,4,7,8,10,12,13,15,18,29,34,36,37,41
8775	8775	9	30
8776	8776	12	3
8777	8779	11	1,3
8780	8782	9	1,7,12,14
8783	8799	24	8
8800	8801	7	8,31
8802	8802	5	8,31,37
8803	8803	5	12
8804	8804	6	2,18,28,32
8805	8805	8	41
8806	8807	8	38
8808	8828	34	4
8829	8842	20	1
8843	8844	7	31
8845	8845	6	5,11
8846	8846	7	1,6,9,29
8847	8847	7	7,10,39
8848	8848	8	3
8849	8849	7	3,4,28,36,37,38,41
8850	8850	9	27
8851	8851	10	31
8852	8853	10	19
8854	8854	9	36,42
8855	8855	9	2,29
8856	8856	9	14
8857	8865	20	1,5
8866	8866	11	1,5,37,41
8867	8869	10	1,5,34,37,41
8870	8870	10	38
8871	8871	9	4,15,20,38
8872	8872	10	8,16,19,24,27,32,33,35
8873	8874	9	8,10,11,12,14,16,18,19,24,27,32,33,35
8875	8876	9	3,7,28
8877	8877	9	41
8878	8880	12	1,34
8881	8881	10	4
8882	8882	9	2,4,6,26
8883	8883	9	27
8884	8884	8	17,23,25,27
8885	8885	7	17,23,25,27,29,30,37
8886	8888	10	7
8889	8889	7	7,15,18,23,27,31
8890	8890	7	1,2
8891	8891	9	1,29
8892	8900	19	4
8901	8903	10	1,2,4,5,6
8904	8904	8	6,9,27,28
8905	8905	7	6,9,11,23,27,28
8906	8906	7	41
8907	8907	10	21
8908	8908	9	16,18,21
8909	8909	8	16,18,19,20,21,29,30,38
8910	8910	7	3,7,9,10,12,16,18,19,20,21,26,29,30,38
8911	8911	8	7,13,42
8912	8913	9	1
8914	8914	9	8
8915	8915	9	13,15,34
8916	8916	8	13,15,17,28,29,32,33,34
8917	8917	7	13,15,17,27,28,29,32,33,34,39,42
8918	8918	8	12
8919	8919	7	12,26,36,38
8920	8920	8	42
8921	8921	8	2,4
8922	8922	8	1
8923	8923	9	41
8924	8924	9	8
8925	8925	8	8,30
8926	8926	9	39
8927	8928	8	12,39
8929	8929	7	19,20,35,42
8930	8930	9	2,4
8931	8931	8	1,2,4
8932	8933	9	39,41
8934	8934	9	21,30
8935	8935	8	21,30,31
8936	8936	8	25,40
8937	8937	9	4,21,34
8938	8938	8	2,4,12,21,22,29,30,32,33,34
8939	8942	11	9
8943	8943	7	9,27,35
8944	8944	18	6
8945	8945	17	6,25
8946	8951	19	1,13
8952	8956	13	1,13,22,24
8957	8961	14	2
8962	8962	9	2,41
8963	8963	9	26
8964	8964	8	26,34
8965	8965	8	32,33
8966	8986	32	1
8987	8989	11	1,3
8990	8991	9	7
8992	8992	7	7,12,30
8993	8993	7	30
8994	8994	22	40,42
8995	9002	21	39,40,41,42
9003	9004	16	23
9005	9005	19	4
9006	9007	23	3
9008	9029	45	1
9030	9070	58	2
9071	9079	32	24
9080	9109	41	25
9110	9110	11	25,28
9111	9112	10	25,28,29,31
9113	9117	14	4,8,9,15,17,18,22,23
9118	9119	9	4,5,8,9,15,17,18,22,23,24
9120	9120	7	4,5,6,8,9,15,17,18,19,21,22,23,24,34,35
9121	9121	7	26
9122	9122	6	26,31
9123	9123	5	2,6,16,26,31
9124	9124	6	3,13
9125	9125	6	2,4
9126	9126	7	26,36
9127	9127	7	3
9128	9128	9	29
9129	9130	10	31
9131	9131	9	3,11
9132	9132	8	2,3,4,11,36
9133	9133	8	32,33
9134	9134	9	5,6,27
9135	9135	9	12,24,26
9136	9142	42	1
9143	9171	37	8
9172	9172	8	8,25
9173	9173	8	36,37
9174	9174	7	6,7,24,29,30,31,36,37
9175	9175	7	5,16,20,31,32,39,42
9176	9178	11	28
9179	9181	26	3
9182	9190	23	3,4,6
9191	9191	14	3,4,6,21
9192	9193	13	3,4,5,6,7,9,21,22,27
9194	9196	20	12
9197	9203	23	8
9204	9205	17	39
9206	9210	17	4
9211	9214	12	4,26
9215	9215	8	4,8,14,26
9216	9216	7	4,8,10,14,23,26
9217	9217	6	4,8,10,14,21,23,26,36,38
9218	9218	7	1,7,41
9219	9220	9	38
9221	9227	17	19,22
9228	9228	10	16,18,19,22,24
9229	9229	9	16,17,18,19,22,24,29
9230	9231	9	27
9232	9232	8	8
9233	9233	7	2,3,7,8,10,14,25,26
9234	9234	8	14
9235	9235	9	38
9236	9236	8	33,36,38
9237	9237	9	6,30,35
9238	9238	8	2,6,7,10,30,32,35
9239	9240	9	18,19,22
9241	9241	8	2,4,6,26,35
9242	9242	7	2,4,6,26,35,39
9243	9243	7	14
9244	9246	13	1,3
9247	9249	10	1,2,3
9250	9250	7	1,2,3,5,39
9251	9251	7	14
9252	9252	7	33,37,38
9253	9254	9	40
9255	9256	9	16,30
9257	9257	8	24
9258	9260	10	2,28
9261	9261	7	1,2,3,5,10,15,28
9262	9262	8	36
9263	9263	9	9,26,34
9264	9264	8	9,26,31,34
9265	9265	9	12
9266	9266	9	23
9267	9267	8	23,39
9268	9268	9	33
9269	9269	8	2,28,32,33
9270	9270	7	2,6,7,10,20,26,27,28,32,33,40
9271	9271	8	13
9272	9272	8	17
9273	9274	7	1,8,17
9275	9275	6	12,15
9276	9276	9	6
9277	9277	8	6,13,23,29
9278	9278	9	10
9279	9279	8	10,16,26,31,32
9280	9280	10	9,11,13,14,21,24
9281	9284	23	1
9285	9298	23	3,4
9299	9300	10	22
9301	9301	8	8,11,13,14,22,23
9302	9302	9	33
9303	9303	8	28,33
9304	9304	7	28,33,42
9305	9307	10	2
9308	9308	8	9,12,17,18,19,20,24,31
9309	9309	7	3,4,9,12,15,17,18,19,20,24,30,31
9310	9310	27	13
9311	9313	26	13,34
9314	9347	42	1
9348	9349	9	7,16
9350	9350	9	8
9351	9352	9	13
9353	9353	9	11
9354	9355	9	26
9356	9356	8	28
9357	9357	7	6,28
9358	9358	6	6,7,16,19,20,28,35
9359	9359	8	10,31
9360	9360	8	37,38
9361	9361	8	22
9362	9362	9	8,15,17,29,32,33
9363	9364	26	2
9365	9385	29	16
9386	9386	10	26
9387	9388	9	26,35
9389	9389	12	9
9390	9406	35	2
9407	9408	18	2,6
9409	9414	22	31
9415	9433	93	4
9434	9461	79	2
9462	9467	70	32
9468	9508	64	32,33
9509	9530	34	4
9531	9532	12	4,11,12,13,14,22
9533	9535	11	27,28,37
9536	9536	8	27,28,37,38
9537	9537	7	2,7,27,28,29,36,37,38
9538	9541	11	3
9542	9542	8	14,25,34,35
9543	9543	7	14,15,24,25,34,35,37
9544	9545	27	32,33
9546	9546	25	7,10,32,33
9547	9562	24	7,8,10,32,33
9563	9564	10	18
9565	9565	8	18,34,35,41
9566	9566	7	18,21,23,25,31,34,35,41
9567	9567	8	12,13,18,20
9568	9568	8	21
9569	9569	8	6,39
9570	9570	7	2,6,24,39
9571	9571	8	1,25
9572	9573	38	7,8,10,32,33
9574	9606	42	5
9607	9609	10	34
9610	9610	8	2,20
9611	9670	67	1,28
9671	9671	8	29
9672	9672	7	1,8,12,14,19,25,26,27,29,31,37
9673	9673	6	1,5,6,7,8,12,13,14,17,18,19,20,21,22,23,24,25,26,27,28,29,30,31,32,34,35,36,37,39,40,41
9674	9674	6	27,33
9675	9676	5	4,5,17,19,23,24,25,27,33,35
9677	9678	9	41
9679	9680	10	1
9681	9682	9	17
9683	9683	9	14
9684	9684	9	2,7,8,16,20,22,29
9685	9685	14	28,37
9686	9686	13	12,28,36,37,38
9687	9688	12	12,28,36,37,38,41
9689	9689	10	12,27,28,36,37,38,41
9690	9690	9	1,12,27,28,33,36,37,38,41
9691	9691	8	1,11,12,13,27,28,33,36,37,38,41
9692	9692	7	1,2,3,4,10,11,12,13,15,26,27,28,30,33,36,37,38,40,41,42
9693	9693	6	1,2,3,4,7,8,9,10,11,12,13,14,15,16,23,26,27,28,30,31,32,33,36,37,38,39,40,41,42
9694	9698	5	1,2,3,4,5,6,7,8,9,10,11,12,13,14,15,16,17,18,19,20,21,22,23,24,25,26,27,28,29,30,31,32,33,34,35,36,37,38,39,40,41,42
